../Core/Src/main.c:98:5:main	352	static
../Core/Src/main.c:277:6:SystemClock_Config	88	static
../Core/Src/main.c:319:13:MX_SPI1_Init	8	static
../Core/Src/main.c:357:13:MX_USART2_UART_Init	8	static
../Core/Src/main.c:390:13:MX_GPIO_Init	40	static
../Core/Src/main.c:416:6:transmit_uart	16	static
../Core/Src/main.c:420:6:HAL_UART_RxCpltCallback	16	static
../Core/Src/main.c:505:6:read_file_by_index	4264	static
../Core/Src/main.c:529:6:write_to_sd	16	static
../Core/Src/main.c:544:6:Error_Handler	4	static,ignoring_inline_asm
