Archive member included to satisfy reference by file (symbol)

D:/Programas/ST/STM32CubeIDE/plugins/com.st.stm32cube.ide.mcu.externaltools.gnu-tools-for-stm32.12.3.rel1.win32_1.0.200.202406191623/tools/bin/../lib/gcc/arm-none-eabi/12.3.1/../../../../arm-none-eabi/lib/thumb/v7e-m+fp/hard\libc_nano.a(libc_a-atoi.o)
                              ./Core/Src/main.o (atoi)
D:/Programas/ST/STM32CubeIDE/plugins/com.st.stm32cube.ide.mcu.externaltools.gnu-tools-for-stm32.12.3.rel1.win32_1.0.200.202406191623/tools/bin/../lib/gcc/arm-none-eabi/12.3.1/../../../../arm-none-eabi/lib/thumb/v7e-m+fp/hard\libc_nano.a(libc_a-exit.o)
                              D:/Programas/ST/STM32CubeIDE/plugins/com.st.stm32cube.ide.mcu.externaltools.gnu-tools-for-stm32.12.3.rel1.win32_1.0.200.202406191623/tools/bin/../lib/gcc/arm-none-eabi/12.3.1/../../../../arm-none-eabi/lib/thumb/v7e-m+fp/hard/crt0.o (exit)
D:/Programas/ST/STM32CubeIDE/plugins/com.st.stm32cube.ide.mcu.externaltools.gnu-tools-for-stm32.12.3.rel1.win32_1.0.200.202406191623/tools/bin/../lib/gcc/arm-none-eabi/12.3.1/../../../../arm-none-eabi/lib/thumb/v7e-m+fp/hard\libc_nano.a(libc_a-strtol.o)
                              D:/Programas/ST/STM32CubeIDE/plugins/com.st.stm32cube.ide.mcu.externaltools.gnu-tools-for-stm32.12.3.rel1.win32_1.0.200.202406191623/tools/bin/../lib/gcc/arm-none-eabi/12.3.1/../../../../arm-none-eabi/lib/thumb/v7e-m+fp/hard\libc_nano.a(libc_a-atoi.o) (_strtol_r)
D:/Programas/ST/STM32CubeIDE/plugins/com.st.stm32cube.ide.mcu.externaltools.gnu-tools-for-stm32.12.3.rel1.win32_1.0.200.202406191623/tools/bin/../lib/gcc/arm-none-eabi/12.3.1/../../../../arm-none-eabi/lib/thumb/v7e-m+fp/hard\libc_nano.a(libc_a-ctype_.o)
                              D:/Programas/ST/STM32CubeIDE/plugins/com.st.stm32cube.ide.mcu.externaltools.gnu-tools-for-stm32.12.3.rel1.win32_1.0.200.202406191623/tools/bin/../lib/gcc/arm-none-eabi/12.3.1/../../../../arm-none-eabi/lib/thumb/v7e-m+fp/hard\libc_nano.a(libc_a-strtol.o) (_ctype_)
D:/Programas/ST/STM32CubeIDE/plugins/com.st.stm32cube.ide.mcu.externaltools.gnu-tools-for-stm32.12.3.rel1.win32_1.0.200.202406191623/tools/bin/../lib/gcc/arm-none-eabi/12.3.1/../../../../arm-none-eabi/lib/thumb/v7e-m+fp/hard\libc_nano.a(libc_a-findfp.o)
                              D:/Programas/ST/STM32CubeIDE/plugins/com.st.stm32cube.ide.mcu.externaltools.gnu-tools-for-stm32.12.3.rel1.win32_1.0.200.202406191623/tools/bin/../lib/gcc/arm-none-eabi/12.3.1/../../../../arm-none-eabi/lib/thumb/v7e-m+fp/hard\libc_nano.a(libc_a-exit.o) (__stdio_exit_handler)
D:/Programas/ST/STM32CubeIDE/plugins/com.st.stm32cube.ide.mcu.externaltools.gnu-tools-for-stm32.12.3.rel1.win32_1.0.200.202406191623/tools/bin/../lib/gcc/arm-none-eabi/12.3.1/../../../../arm-none-eabi/lib/thumb/v7e-m+fp/hard\libc_nano.a(libc_a-fwalk.o)
                              D:/Programas/ST/STM32CubeIDE/plugins/com.st.stm32cube.ide.mcu.externaltools.gnu-tools-for-stm32.12.3.rel1.win32_1.0.200.202406191623/tools/bin/../lib/gcc/arm-none-eabi/12.3.1/../../../../arm-none-eabi/lib/thumb/v7e-m+fp/hard\libc_nano.a(libc_a-findfp.o) (_fwalk_sglue)
D:/Programas/ST/STM32CubeIDE/plugins/com.st.stm32cube.ide.mcu.externaltools.gnu-tools-for-stm32.12.3.rel1.win32_1.0.200.202406191623/tools/bin/../lib/gcc/arm-none-eabi/12.3.1/../../../../arm-none-eabi/lib/thumb/v7e-m+fp/hard\libc_nano.a(libc_a-stdio.o)
                              D:/Programas/ST/STM32CubeIDE/plugins/com.st.stm32cube.ide.mcu.externaltools.gnu-tools-for-stm32.12.3.rel1.win32_1.0.200.202406191623/tools/bin/../lib/gcc/arm-none-eabi/12.3.1/../../../../arm-none-eabi/lib/thumb/v7e-m+fp/hard\libc_nano.a(libc_a-findfp.o) (__sread)
D:/Programas/ST/STM32CubeIDE/plugins/com.st.stm32cube.ide.mcu.externaltools.gnu-tools-for-stm32.12.3.rel1.win32_1.0.200.202406191623/tools/bin/../lib/gcc/arm-none-eabi/12.3.1/../../../../arm-none-eabi/lib/thumb/v7e-m+fp/hard\libc_nano.a(libc_a-memset.o)
                              D:/Programas/ST/STM32CubeIDE/plugins/com.st.stm32cube.ide.mcu.externaltools.gnu-tools-for-stm32.12.3.rel1.win32_1.0.200.202406191623/tools/bin/../lib/gcc/arm-none-eabi/12.3.1/../../../../arm-none-eabi/lib/thumb/v7e-m+fp/hard/crt0.o (memset)
D:/Programas/ST/STM32CubeIDE/plugins/com.st.stm32cube.ide.mcu.externaltools.gnu-tools-for-stm32.12.3.rel1.win32_1.0.200.202406191623/tools/bin/../lib/gcc/arm-none-eabi/12.3.1/../../../../arm-none-eabi/lib/thumb/v7e-m+fp/hard\libc_nano.a(libc_a-closer.o)
                              D:/Programas/ST/STM32CubeIDE/plugins/com.st.stm32cube.ide.mcu.externaltools.gnu-tools-for-stm32.12.3.rel1.win32_1.0.200.202406191623/tools/bin/../lib/gcc/arm-none-eabi/12.3.1/../../../../arm-none-eabi/lib/thumb/v7e-m+fp/hard\libc_nano.a(libc_a-stdio.o) (_close_r)
D:/Programas/ST/STM32CubeIDE/plugins/com.st.stm32cube.ide.mcu.externaltools.gnu-tools-for-stm32.12.3.rel1.win32_1.0.200.202406191623/tools/bin/../lib/gcc/arm-none-eabi/12.3.1/../../../../arm-none-eabi/lib/thumb/v7e-m+fp/hard\libc_nano.a(libc_a-reent.o)
[...]
Memory Configuration

Name             Origin             Length             Attributes
RAM              0x20000000         0x00020000         xrw
FLASH            0x08000000         0x00080000         xr
*default*        0x00000000         0xffffffff

Linker script and memory map

LOAD D:/Programas/ST/STM32CubeIDE/plugins/com.st.stm32cube.ide.mcu.externaltools.gnu-tools-for-stm32.12.3.rel1.win32_1.0.200.202406191623/tools/bin/../lib/gcc/arm-none-eabi/12.3.1/thumb/v7e-m+fp/hard/crti.o
LOAD D:/Programas/ST/STM32CubeIDE/plugins/com.st.stm32cube.ide.mcu.externaltools.gnu-tools-for-stm32.12.3.rel1.win32_1.0.200.202406191623/tools/bin/../lib/gcc/arm-none-eabi/12.3.1/thumb/v7e-m+fp/hard/crtbegin.o
LOAD D:/Programas/ST/STM32CubeIDE/plugins/com.st.stm32cube.ide.mcu.externaltools.gnu-tools-for-stm32.12.3.rel1.win32_1.0.200.202406191623/tools/bin/../lib/gcc/arm-none-eabi/12.3.1/../../../../arm-none-eabi/lib/thumb/v7e-m+fp/hard/crt0.o
LOAD ./Core/Src/fatfs_sd.o
LOAD ./Core/Src/main.o
LOAD ./Core/Src/stm32f4xx_hal_msp.o
LOAD ./Core/Src/stm32f4xx_it.o
LOAD ./Core/Src/syscalls.o
LOAD ./Core/Src/sysmem.o
LOAD ./Core/Src/system_stm32f4xx.o
LOAD ./Core/Startup/startup_stm32f446retx.o
LOAD ./Drivers/STM32F4xx_HAL_Driver/Src/stm32f4xx_hal.o
LOAD ./Drivers/STM32F4xx_HAL_Driver/Src/stm32f4xx_hal_cortex.o
LOAD ./Drivers/STM32F4xx_HAL_Driver/Src/stm32f4xx_hal_dma.o
LOAD ./Drivers/STM32F4xx_HAL_Driver/Src/stm32f4xx_hal_dma_ex.o
LOAD ./Drivers/STM32F4xx_HAL_Driver/Src/stm32f4xx_hal_exti.o
LOAD ./Drivers/STM32F4xx_HAL_Driver/Src/stm32f4xx_hal_flash.o
LOAD ./Drivers/STM32F4xx_HAL_Driver/Src/stm32f4xx_hal_flash_ex.o
LOAD ./Drivers/STM32F4xx_HAL_Driver/Src/stm32f4xx_hal_flash_ramfunc.o
LOAD ./Drivers/STM32F4xx_HAL_Driver/Src/stm32f4xx_hal_gpio.o
LOAD ./Drivers/STM32F4xx_HAL_Driver/Src/stm32f4xx_hal_pwr.o
LOAD ./Drivers/STM32F4xx_HAL_Driver/Src/stm32f4xx_hal_pwr_ex.o
LOAD ./Drivers/STM32F4xx_HAL_Driver/Src/stm32f4xx_hal_rcc.o
LOAD ./Drivers/STM32F4xx_HAL_Driver/Src/stm32f4xx_hal_rcc_ex.o
LOAD ./Drivers/STM32F4xx_HAL_Driver/Src/stm32f4xx_hal_spi.o
LOAD ./Drivers/STM32F4xx_HAL_Driver/Src/stm32f4xx_hal_tim.o
LOAD ./Drivers/STM32F4xx_HAL_Driver/Src/stm32f4xx_hal_tim_ex.o
LOAD ./Drivers/STM32F4xx_HAL_Driver/Src/stm32f4xx_hal_uart.o
LOAD ./FATFS/App/fatfs.o
LOAD ./FATFS/Target/user_diskio.o
LOAD ./Middlewares/Third_Party/FatFs/src/diskio.o
LOAD ./Middlewares/Third_Party/FatFs/src/ff.o
LOAD ./Middlewares/Third_Party/FatFs/src/ff_gen_drv.o
LOAD ./Middlewares/Third_Party/FatFs/src/option/ccsbcs.o
LOAD ./Middlewares/Third_Party/FatFs/src/option/syscall.o
START GROUP
LOAD D:/Programas/ST/STM32CubeIDE/plugins/com.st.stm32cube.ide.mcu.externaltools.gnu-tools-for-stm32.12.3.rel1.win32_1.0.200.202406191623/tools/bin/../lib/gcc/arm-none-eabi/12.3.1/../../../../arm-none-eabi/lib/thumb/v7e-m+fp/hard\libc_nano.a
LOAD D:/Programas/ST/STM32CubeIDE/plugins/com.st.stm32cube.ide.mcu.externaltools.gnu-tools-for-stm32.12.3.rel1.win32_1.0.200.202406191623/tools/bin/../lib/gcc/arm-none-eabi/12.3.1/../../../../arm-none-eabi/lib/thumb/v7e-m+fp/hard\libm.a
END GROUP
START GROUP
LOAD D:/Programas/ST/STM32CubeIDE/plugins/com.st.stm32cube.ide.mcu.externaltools.gnu-tools-for-stm32.12.3.rel1.win32_1.0.200.202406191623/tools/bin/../lib/gcc/arm-none-eabi/12.3.1/thumb/v7e-m+fp/hard\libgcc.a
LOAD D:/Programas/ST/STM32CubeIDE/plugins/com.st.stm32cube.ide.mcu.externaltools.gnu-tools-for-stm32.12.3.rel1.win32_1.0.200.202406191623/tools/bin/../lib/gcc/arm-none-eabi/12.3.1/../../../../arm-none-eabi/lib/thumb/v7e-m+fp/hard\libc_nano.a
END GROUP
START GROUP
LOAD D:/Programas/ST/STM32CubeIDE/plugins/com.st.stm32cube.ide.mcu.externaltools.gnu-tools-for-stm32.12.3.rel1.win32_1.0.200.202406191623/tools/bin/../lib/gcc/arm-none-eabi/12.3.1/thumb/v7e-m+fp/hard\libgcc.a
LOAD D:/Programas/ST/STM32CubeIDE/plugins/com.st.stm32cube.ide.mcu.externaltools.gnu-tools-for-stm32.12.3.rel1.win32_1.0.200.202406191623/tools/bin/../lib/gcc/arm-none-eabi/12.3.1/../../../../arm-none-eabi/lib/thumb/v7e-m+fp/hard\libc_nano.a
LOAD D:/Programas/ST/STM32CubeIDE/plugins/com.st.stm32cube.ide.mcu.externaltools.gnu-tools-for-stm32.12.3.rel1.win32_1.0.200.202406191623/tools/bin/../lib/gcc/arm-none-eabi/12.3.1/../../../../arm-none-eabi/lib/thumb/v7e-m+fp/hard\libnosys.a
END GROUP
START GROUP
LOAD D:/Programas/ST/STM32CubeIDE/plugins/com.st.stm32cube.ide.mcu.externaltools.gnu-tools-for-stm32.12.3.rel1.win32_1.0.200.202406191623/tools/bin/../lib/gcc/arm-none-eabi/12.3.1/thumb/v7e-m+fp/hard\libgcc.a
LOAD D:/Programas/ST/STM32CubeIDE/plugins/com.st.stm32cube.ide.mcu.externaltools.gnu-tools-for-stm32.12.3.rel1.win32_1.0.200.202406191623/tools/bin/../lib/gcc/arm-none-eabi/12.3.1/../../../../arm-none-eabi/lib/thumb/v7e-m+fp/hard\libc_nano.a
LOAD D:/Programas/ST/STM32CubeIDE/plugins/com.st.stm32cube.ide.mcu.externaltools.gnu-tools-for-stm32.12.3.rel1.win32_1.0.200.202406191623/tools/bin/../lib/gcc/arm-none-eabi/12.3.1/../../../../arm-none-eabi/lib/thumb/v7e-m+fp/hard\libnosys.a
END GROUP
LOAD D:/Programas/ST/STM32CubeIDE/plugins/com.st.stm32cube.ide.mcu.externaltools.gnu-tools-for-stm32.12.3.rel1.win32_1.0.200.202406191623/tools/bin/../lib/gcc/arm-none-eabi/12.3.1/thumb/v7e-m+fp/hard/crtend.o
LOAD D:/Programas/ST/STM32CubeIDE/plugins/com.st.stm32cube.ide.mcu.externaltools.gnu-tools-for-stm32.12.3.rel1.win32_1.0.200.202406191623/tools/bin/../lib/gcc/arm-none-eabi/12.3.1/thumb/v7e-m+fp/hard/crtn.o
                0x20020000                        _estack = (ORIGIN (RAM) + LENGTH (RAM))
                0x00000200                        _Min_Heap_Size = 0x200
                0x00000400                        _Min_Stack_Size = 0x400

.isr_vector     0x08000000      0x1c4
                0x08000000                        . = ALIGN (0x4)
 *(.isr_vector)
 .isr_vector    0x08000000      0x1c4 ./Core/Startup/startup_stm32f446retx.o
                0x08000000                g_pfnVectors
                0x080001c4                        . = ALIGN (0x4)

.text           0x080001c4     0x7d50
                0x080001c4                        . = ALIGN (0x4)
 *(.text)
 .text          0x080001c4       0x40 D:/Programas/ST/STM32CubeIDE/plugins/com.st.stm32cube.ide.mcu.externaltools.gnu-tools-for-stm32.12.3.rel1.win32_1.0.200.202406191623/tools/bin/../lib/gcc/arm-none-eabi/12.3.1/thumb/v7e-m+fp/hard/crtbegin.o
 .text          0x08000204       0x14 D:/Programas/ST/STM32CubeIDE/plugins/com.st.stm32cube.ide.mcu.externaltools.gnu-tools-for-stm32.12.3.rel1.win32_1.0.200.202406191623/tools/bin/../lib/gcc/arm-none-eabi/12.3.1/../../../../arm-none-eabi/lib/thumb/v7e-m+fp/hard\libc_nano.a(libc_a-strcmp.o)
                0x08000204                strcmp
 .text          0x08000218       0x10 D:/Programas/ST/STM32CubeIDE/plugins/com.st.stm32cube.ide.mcu.externaltools.gnu-tools-for-stm32.12.3.rel1.win32_1.0.200.202406191623/tools/bin/../lib/gcc/arm-none-eabi/12.3.1/../../../../arm-none-eabi/lib/thumb/v7e-m+fp/hard\libc_nano.a(libc_a-strlen.o)
                0x08000218                strlen
 .text          0x08000228       0x30 D:/Programas/ST/STM32CubeIDE/plugins/com.st.stm32cube.ide.mcu.externaltools.gnu-tools-for-stm32.12.3.rel1.win32_1.0.200.202406191623/tools/bin/../lib/gcc/arm-none-eabi/12.3.1/thumb/v7e-m+fp/hard\libgcc.a(_aeabi_uldivmod.o)
                0x08000228                __aeabi_uldivmod
 .text          0x08000258      0x2bc D:/Programas/ST/STM32CubeIDE/plugins/com.st.stm32cube.ide.mcu.externaltools.gnu-tools-for-stm32.12.3.rel1.win32_1.0.200.202406191623/tools/bin/../lib/gcc/arm-none-eabi/12.3.1/thumb/v7e-m+fp/hard\libgcc.a(_udivmoddi4.o)
                0x08000258                __udivmoddi4
 .text          0x08000514        0x4 D:/Programas/ST/STM32CubeIDE/plugins/com.st.stm32cube.ide.mcu.externaltools.gnu-tools-for-stm32.12.3.rel1.win32_1.0.200.202406191623/tools/bin/../lib/gcc/arm-none-eabi/12.3.1/thumb/v7e-m+fp/hard\libgcc.a(_dvmd_tls.o)
                0x08000514                __aeabi_idiv0
                0x08000514                __aeabi_ldiv0
 *(.text*)
 .text.SELECT   0x08000518       0x1c ./Core/Src/fatfs_sd.o
 .text.DESELECT
                0x08000534       0x1c ./Core/Src/fatfs_sd.o
 .text.SPI_TxByte
                0x08000550       0x34 ./Core/Src/fatfs_sd.o
 .text.SPI_TxBuffer
                0x08000584       0x34 ./Core/Src/fatfs_sd.o
 .text.SPI_RxByte
                0x080005b8       0x38 ./Core/Src/fatfs_sd.o
 .text.SPI_RxBytePtr
                0x080005f0       0x1c ./Core/Src/fatfs_sd.o
 .text.SD_ReadyWait
                0x0800060c       0x34 ./Core/Src/fatfs_sd.o
 .text.SD_PowerOn
                0x08000640       0x84 ./Core/Src/fatfs_sd.o
 .text.SD_PowerOff
                0x080006c4       0x18 ./Core/Src/fatfs_sd.o
 .text.SD_CheckPower
                0x080006dc       0x18 ./Core/Src/fatfs_sd.o
 .text.SD_RxDataBlock
                0x080006f4       0x5c ./Core/Src/fatfs_sd.o
 .text.SD_TxDataBlock
                0x08000750       0x86 ./Core/Src/fatfs_sd.o
 .text.SD_SendCmd
                0x080007d6       0xa8 ./Core/Src/fatfs_sd.o
 *fill*         0x0800087e        0x2 
 .text.SD_disk_initialize
                0x08000880      0x1cc ./Core/Src/fatfs_sd.o
                0x08000880                SD_disk_initialize
 .text.SD_disk_status
                0x08000a4c       0x2c ./Core/Src/fatfs_sd.o
                0x08000a4c                SD_disk_status
 .text.SD_disk_read
                0x08000a78       0xd4 ./Core/Src/fatfs_sd.o
                0x08000a78                SD_disk_read
 .text.SD_disk_write
                0x08000b4c      0x108 ./Core/Src/fatfs_sd.o
                0x08000b4c                SD_disk_write
 .text.SD_disk_ioctl
                0x08000c54      0x254 ./Core/Src/fatfs_sd.o
                0x08000c54                SD_disk_ioctl
 .text.main     0x08000ea8      0x240 ./Core/Src/main.o
                0x08000ea8                main
 .text.SystemClock_Config
                0x080010e8       0xc0 ./Core/Src/main.o
                0x080010e8                SystemClock_Config
 .text.MX_SPI1_Init
                0x080011a8       0x6c ./Core/Src/main.o
 .text.MX_USART2_UART_Init
                0x08001214       0x54 ./Core/Src/main.o
 .text.MX_GPIO_Init
                0x08001268       0xa0 ./Core/Src/main.o
 .text.transmit_uart
                0x08001308       0x2c ./Core/Src/main.o
                0x08001308                transmit_uart
 .text.HAL_UART_RxCpltCallback
                0x08001334      0x158 ./Core/Src/main.o
                0x08001334                HAL_UART_RxCpltCallback
 .text.read_file_by_index
                0x0800148c       0xc8 ./Core/Src/main.o
                0x0800148c                read_file_by_index
 .text.write_to_sd
                0x08001554       0x28 ./Core/Src/main.o
                0x08001554                write_to_sd
 .text.Error_Handler
                0x0800157c        0xc ./Core/Src/main.o
                0x0800157c                Error_Handler
 .text.HAL_MspInit
                0x08001588       0x50 ./Core/Src/stm32f4xx_hal_msp.o
                0x08001588                HAL_MspInit
 .text.HAL_SPI_MspInit
                0x080015d8       0x90 ./Core/Src/stm32f4xx_hal_msp.o
                0x080015d8                HAL_SPI_MspInit
 .text.HAL_UART_MspInit
                0x08001668       0xa0 ./Core/Src/stm32f4xx_hal_msp.o
                0x08001668                HAL_UART_MspInit
 .text.NMI_Handler
                0x08001708        0x8 ./Core/Src/stm32f4xx_it.o
                0x08001708                NMI_Handler
 .text.HardFault_Handler
                0x08001710        0x8 ./Core/Src/stm32f4xx_it.o
                0x08001710                HardFault_Handler
 .text.MemManage_Handler
                0x08001718        0x8 ./Core/Src/stm32f4xx_it.o
                0x08001718                MemManage_Handler
 .text.BusFault_Handler
                0x08001720        0x8 ./Core/Src/stm32f4xx_it.o
                0x08001720                BusFault_Handler
 .text.UsageFault_Handler
                0x08001728        0x8 ./Core/Src/stm32f4xx_it.o
                0x08001728                UsageFault_Handler
 .text.SVC_Handler
                0x08001730        0xe ./Core/Src/stm32f4xx_it.o
                0x08001730                SVC_Handler
 .text.DebugMon_Handler
                0x0800173e        0xe ./Core/Src/stm32f4xx_it.o
                0x0800173e                DebugMon_Handler
 .text.PendSV_Handler
                0x0800174c        0xe ./Core/Src/stm32f4xx_it.o
                0x0800174c                PendSV_Handler
 *fill*         0x0800175a        0x2 
 .text.SysTick_Handler
                0x0800175c       0x40 ./Core/Src/stm32f4xx_it.o
                0x0800175c                SysTick_Handler
 .text.USART2_IRQHandler
                0x0800179c       0x14 ./Core/Src/stm32f4xx_it.o
                0x0800179c                USART2_IRQHandler
 .text.SystemInit
                0x080017b0       0x24 ./Core/Src/system_stm32f4xx.o
                0x080017b0                SystemInit
 .text.Reset_Handler
                0x080017d4       0x50 ./Core/Startup/startup_stm32f446retx.o
                0x080017d4                Reset_Handler
 .text.Default_Handler
                0x08001824        0x2 ./Core/Startup/startup_stm32f446retx.o
                0x08001824                RTC_Alarm_IRQHandler
                0x08001824                EXTI2_IRQHandler
                0x08001824                TIM8_CC_IRQHandler
                0x08001824                FMPI2C1_EV_IRQHandler
                0x08001824                SPI4_IRQHandler
                0x08001824                TIM1_CC_IRQHandler
                0x08001824                DMA2_Stream5_IRQHandler
                0x08001824                DMA1_Stream5_IRQHandler
                0x08001824                PVD_IRQHandler
                0x08001824                SDIO_IRQHandler
                0x08001824                TAMP_STAMP_IRQHandler
                0x08001824                CAN2_RX1_IRQHandler
                0x08001824                EXTI3_IRQHandler
                0x08001824                TIM8_TRG_COM_TIM14_IRQHandler
                0x08001824                TIM1_UP_TIM10_IRQHandler
                0x08001824                TIM8_UP_TIM13_IRQHandler
                0x08001824                I2C3_ER_IRQHandler
                0x08001824                EXTI0_IRQHandler
                0x08001824                I2C2_EV_IRQHandler
                0x08001824                DMA1_Stream2_IRQHandler
                0x08001824                CAN1_RX0_IRQHandler
                0x08001824                FPU_IRQHandler
                0x08001824                OTG_HS_WKUP_IRQHandler
                0x08001824                CAN2_SCE_IRQHandler
                0x08001824                DMA2_Stream2_IRQHandler
                0x08001824                SPI1_IRQHandler
                0x08001824                TIM6_DAC_IRQHandler
                0x08001824                TIM1_BRK_TIM9_IRQHandler
                0x08001824                DCMI_IRQHandler
                0x08001824                CAN2_RX0_IRQHandler
                0x08001824                DMA2_Stream3_IRQHandler
                0x08001824                SAI2_IRQHandler
                0x08001824                USART6_IRQHandler
                0x08001824                USART3_IRQHandler
                0x08001824                CAN1_RX1_IRQHandler
                0x08001824                UART5_IRQHandler
                0x08001824                DMA2_Stream0_IRQHandler
                0x08001824                TIM4_IRQHandler
                0x08001824                QUADSPI_IRQHandler
                0x08001824                I2C1_EV_IRQHandler
                0x08001824                DMA1_Stream6_IRQHandler
                0x08001824                DMA1_Stream1_IRQHandler
                0x08001824                UART4_IRQHandler
                0x08001824                TIM3_IRQHandler
                0x08001824                RCC_IRQHandler
                0x08001824                TIM8_BRK_TIM12_IRQHandler
                0x08001824                Default_Handler
                0x08001824                CEC_IRQHandler
                0x08001824                EXTI15_10_IRQHandler
                0x08001824                ADC_IRQHandler
                0x08001824                DMA1_Stream7_IRQHandler
                0x08001824                TIM7_IRQHandler
                0x08001824                CAN2_TX_IRQHandler
                0x08001824                TIM5_IRQHandler
                0x08001824                DMA2_Stream7_IRQHandler
                0x08001824                I2C3_EV_IRQHandler
                0x08001824                EXTI9_5_IRQHandler
                0x08001824                RTC_WKUP_IRQHandler
                0x08001824                SPDIF_RX_IRQHandler
                0x08001824                SPI2_IRQHandler
                0x08001824                OTG_HS_EP1_IN_IRQHandler
                0x08001824                DMA1_Stream0_IRQHandler
                0x08001824                CAN1_TX_IRQHandler
                0x08001824                FMPI2C1_ER_IRQHandler
                0x08001824                EXTI4_IRQHandler
                0x08001824                OTG_HS_EP1_OUT_IRQHandler
                0x08001824                WWDG_IRQHandler
                0x08001824                TIM2_IRQHandler
                0x08001824                OTG_FS_WKUP_IRQHandler
                0x08001824                TIM1_TRG_COM_TIM11_IRQHandler
                0x08001824                OTG_HS_IRQHandler
                0x08001824                EXTI1_IRQHandler
                0x08001824                I2C2_ER_IRQHandler
                0x08001824                DMA2_Stream1_IRQHandler
                0x08001824                CAN1_SCE_IRQHandler
                0x08001824                FLASH_IRQHandler
                0x08001824                DMA2_Stream4_IRQHandler
                0x08001824                USART1_IRQHandler
                0x08001824                OTG_FS_IRQHandler
                0x08001824                SPI3_IRQHandler
                0x08001824                DMA1_Stream4_IRQHandler
                0x08001824                I2C1_ER_IRQHandler
                0x08001824                FMC_IRQHandler
                0x08001824                DMA2_Stream6_IRQHandler
                0x08001824                SAI1_IRQHandler
                0x08001824                DMA1_Stream3_IRQHandler
 *fill*         0x08001826        0x2 
 .text.HAL_Init
                0x08001828       0x44 ./Drivers/STM32F4xx_HAL_Driver/Src/stm32f4xx_hal.o
                0x08001828                HAL_Init
 .text.HAL_InitTick
                0x0800186c       0x60 ./Drivers/STM32F4xx_HAL_Driver/Src/stm32f4xx_hal.o
                0x0800186c                HAL_InitTick
 .text.HAL_IncTick
                0x080018cc       0x28 ./Drivers/STM32F4xx_HAL_Driver/Src/stm32f4xx_hal.o
                0x080018cc                HAL_IncTick
 .text.HAL_GetTick
                0x080018f4       0x18 ./Drivers/STM32F4xx_HAL_Driver/Src/stm32f4xx_hal.o
                0x080018f4                HAL_GetTick
 .text.HAL_Delay
                0x0800190c       0x48 ./Drivers/STM32F4xx_HAL_Driver/Src/stm32f4xx_hal.o
                0x0800190c                HAL_Delay
 .text.__NVIC_SetPriorityGrouping
                0x08001954       0x48 ./Drivers/STM32F4xx_HAL_Driver/Src/stm32f4xx_hal_cortex.o
 .text.__NVIC_GetPriorityGrouping
                0x0800199c       0x1c ./Drivers/STM32F4xx_HAL_Driver/Src/stm32f4xx_hal_cortex.o
 .text.__NVIC_EnableIRQ
                0x080019b8       0x3c ./Drivers/STM32F4xx_HAL_Driver/Src/stm32f4xx_hal_cortex.o
 .text.__NVIC_SetPriority
                0x080019f4       0x54 ./Drivers/STM32F4xx_HAL_Driver/Src/stm32f4xx_hal_cortex.o
 .text.NVIC_EncodePriority
                0x08001a48       0x66 ./Drivers/STM32F4xx_HAL_Driver/Src/stm32f4xx_hal_cortex.o
 *fill*         0x08001aae        0x2 
 .text.SysTick_Config
                0x08001ab0       0x44 ./Drivers/STM32F4xx_HAL_Driver/Src/stm32f4xx_hal_cortex.o
 .text.HAL_NVIC_SetPriorityGrouping
                0x08001af4       0x16 ./Drivers/STM32F4xx_HAL_Driver/Src/stm32f4xx_hal_cortex.o
                0x08001af4                HAL_NVIC_SetPriorityGrouping
 .text.HAL_NVIC_SetPriority
                0x08001b0a       0x38 ./Drivers/STM32F4xx_HAL_Driver/Src/stm32f4xx_hal_cortex.o
                0x08001b0a                HAL_NVIC_SetPriority
 .text.HAL_NVIC_EnableIRQ
                0x08001b42       0x1c ./Drivers/STM32F4xx_HAL_Driver/Src/stm32f4xx_hal_cortex.o
                0x08001b42                HAL_NVIC_EnableIRQ
 .text.HAL_SYSTICK_Config
                0x08001b5e       0x18 ./Drivers/STM32F4xx_HAL_Driver/Src/stm32f4xx_hal_cortex.o
                0x08001b5e                HAL_SYSTICK_Config
 .text.HAL_SYSTICK_IRQHandler
                0x08001b76        0xc ./Drivers/STM32F4xx_HAL_Driver/Src/stm32f4xx_hal_cortex.o
                0x08001b76                HAL_SYSTICK_IRQHandler
 .text.HAL_SYSTICK_Callback
                0x08001b82        0xe ./Drivers/STM32F4xx_HAL_Driver/Src/stm32f4xx_hal_cortex.o
                0x08001b82                HAL_SYSTICK_Callback
 .text.HAL_DMA_Abort
                0x08001b90       0xe0 ./Drivers/STM32F4xx_HAL_Driver/Src/stm32f4xx_hal_dma.o
                0x08001b90                HAL_DMA_Abort
 .text.HAL_DMA_Abort_IT
                0x08001c70       0x44 ./Drivers/STM32F4xx_HAL_Driver/Src/stm32f4xx_hal_dma.o
                0x08001c70                HAL_DMA_Abort_IT
 .text.HAL_GPIO_Init
                0x08001cb4      0x328 ./Drivers/STM32F4xx_HAL_Driver/Src/stm32f4xx_hal_gpio.o
                0x08001cb4                HAL_GPIO_Init
 .text.HAL_GPIO_WritePin
                0x08001fdc       0x32 ./Drivers/STM32F4xx_HAL_Driver/Src/stm32f4xx_hal_gpio.o
                0x08001fdc                HAL_GPIO_WritePin
 *fill*         0x0800200e        0x2 
 .text.HAL_RCC_ClockConfig
                0x08002010      0x1cc ./Drivers/STM32F4xx_HAL_Driver/Src/stm32f4xx_hal_rcc.o
                0x08002010                HAL_RCC_ClockConfig
 .text.HAL_RCC_GetHCLKFreq
                0x080021dc       0x18 ./Drivers/STM32F4xx_HAL_Driver/Src/stm32f4xx_hal_rcc.o
                0x080021dc                HAL_RCC_GetHCLKFreq
 .text.HAL_RCC_GetPCLK1Freq
                0x080021f4       0x28 ./Drivers/STM32F4xx_HAL_Driver/Src/stm32f4xx_hal_rcc.o
                0x080021f4                HAL_RCC_GetPCLK1Freq
 .text.HAL_RCC_GetPCLK2Freq
                0x0800221c       0x28 ./Drivers/STM32F4xx_HAL_Driver/Src/stm32f4xx_hal_rcc.o
                0x0800221c                HAL_RCC_GetPCLK2Freq
 .text.HAL_RCC_GetSysClockFreq
                0x08002244      0x354 ./Drivers/STM32F4xx_HAL_Driver/Src/stm32f4xx_hal_rcc_ex.o
                0x08002244                HAL_RCC_GetSysClockFreq
 .text.HAL_RCC_OscConfig
                0x08002598      0x53c ./Drivers/STM32F4xx_HAL_Driver/Src/stm32f4xx_hal_rcc_ex.o
                0x08002598                HAL_RCC_OscConfig
 .text.HAL_SPI_Init
                0x08002ad4      0x112 ./Drivers/STM32F4xx_HAL_Driver/Src/stm32f4xx_hal_spi.o
                0x08002ad4                HAL_SPI_Init
 .text.HAL_SPI_Transmit
                0x08002be6      0x288 ./Drivers/STM32F4xx_HAL_Driver/Src/stm32f4xx_hal_spi.o
                0x08002be6                HAL_SPI_Transmit
 .text.HAL_SPI_TransmitReceive
                0x08002e6e      0x352 ./Drivers/STM32F4xx_HAL_Driver/Src/stm32f4xx_hal_spi.o
                0x08002e6e                HAL_SPI_TransmitReceive
 .text.SPI_WaitFlagStateUntilTimeout
                0x080031c0      0x110 ./Drivers/STM32F4xx_HAL_Driver/Src/stm32f4xx_hal_spi.o
 .text.SPI_EndRxTxTransaction
                0x080032d0       0xa8 ./Drivers/STM32F4xx_HAL_Driver/Src/stm32f4xx_hal_spi.o
 .text.HAL_UART_Init
                0x08003378       0xa0 ./Drivers/STM32F4xx_HAL_Driver/Src/stm32f4xx_hal_uart.o
                0x08003378                HAL_UART_Init
 .text.HAL_UART_Transmit
                0x08003418      0x116 ./Drivers/STM32F4xx_HAL_Driver/Src/stm32f4xx_hal_uart.o
                0x08003418                HAL_UART_Transmit
 .text.HAL_UART_Receive_IT
                0x0800352e       0x4a ./Drivers/STM32F4xx_HAL_Driver/Src/stm32f4xx_hal_uart.o
                0x0800352e                HAL_UART_Receive_IT
 .text.HAL_UART_IRQHandler
                0x08003578      0x524 ./Drivers/STM32F4xx_HAL_Driver/Src/stm32f4xx_hal_uart.o
                0x08003578                HAL_UART_IRQHandler
 .text.HAL_UART_TxCpltCallback
                0x08003a9c       0x14 ./Drivers/STM32F4xx_HAL_Driver/Src/stm32f4xx_hal_uart.o
                0x08003a9c                HAL_UART_TxCpltCallback
 .text.HAL_UART_ErrorCallback
                0x08003ab0       0x14 ./Drivers/STM32F4xx_HAL_Driver/Src/stm32f4xx_hal_uart.o
                0x08003ab0                HAL_UART_ErrorCallback
 .text.HAL_UARTEx_RxEventCallback
                0x08003ac4       0x18 ./Drivers/STM32F4xx_HAL_Driver/Src/stm32f4xx_hal_uart.o
                0x08003ac4                HAL_UARTEx_RxEventCallback
 .text.UART_WaitOnFlagUntilTimeout
                0x08003adc       0xb2 ./Drivers/STM32F4xx_HAL_Driver/Src/stm32f4xx_hal_uart.o
 .text.UART_Start_Receive_IT
                0x08003b8e       0x74 ./Drivers/STM32F4xx_HAL_Driver/Src/stm32f4xx_hal_uart.o
                0x08003b8e                UART_Start_Receive_IT
 .text.UART_EndRxTransfer
                0x08003c02       0xc6 ./Drivers/STM32F4xx_HAL_Driver/Src/stm32f4xx_hal_uart.o
 .text.UART_DMAAbortOnError
                0x08003cc8       0x28 ./Drivers/STM32F4xx_HAL_Driver/Src/stm32f4xx_hal_uart.o
 .text.UART_Transmit_IT
                0x08003cf0       0xa0 ./Drivers/STM32F4xx_HAL_Driver/Src/stm32f4xx_hal_uart.o
 .text.UART_EndTransmit_IT
                0x08003d90       0x30 ./Drivers/STM32F4xx_HAL_Driver/Src/stm32f4xx_hal_uart.o
 .text.UART_Receive_IT
                0x08003dc0      0x17c ./Drivers/STM32F4xx_HAL_Driver/Src/stm32f4xx_hal_uart.o
 .text.UART_SetConfig
                0x08003f3c      0x4e8 ./Drivers/STM32F4xx_HAL_Driver/Src/stm32f4xx_hal_uart.o
 .text.MX_FATFS_Init
                0x08004424       0x24 ./FATFS/App/fatfs.o
                0x08004424                MX_FATFS_Init
 .text.get_fattime
                0x08004448       0x10 ./FATFS/App/fatfs.o
                0x08004448                get_fattime
 .text.USER_initialize
                0x08004458       0x1c ./FATFS/Target/user_diskio.o
                0x08004458                USER_initialize
 .text.USER_status
                0x08004474       0x1c ./FATFS/Target/user_diskio.o
                0x08004474                USER_status
 .text.USER_read
                0x08004490       0x26 ./FATFS/Target/user_diskio.o
                0x08004490                USER_read
 .text.USER_write
                0x080044b6       0x26 ./FATFS/Target/user_diskio.o
                0x080044b6                USER_write
 .text.USER_ioctl
                0x080044dc       0x26 ./FATFS/Target/user_diskio.o
                0x080044dc                USER_ioctl
 *fill*         0x08004502        0x2 
 .text.disk_status
                0x08004504       0x34 ./Middlewares/Third_Party/FatFs/src/diskio.o
                0x08004504                disk_status
 .text.disk_initialize
                0x08004538       0x50 ./Middlewares/Third_Party/FatFs/src/diskio.o
                0x08004538                disk_initialize
 .text.disk_read
                0x08004588       0x40 ./Middlewares/Third_Party/FatFs/src/diskio.o
                0x08004588                disk_read
 .text.disk_write
                0x080045c8       0x40 ./Middlewares/Third_Party/FatFs/src/diskio.o
                0x080045c8                disk_write
 .text.disk_ioctl
                0x08004608       0x3c ./Middlewares/Third_Party/FatFs/src/diskio.o
                0x08004608                disk_ioctl
 .text.ld_word  0x08004644       0x30 ./Middlewares/Third_Party/FatFs/src/ff.o
 .text.ld_dword
                0x08004674       0x46 ./Middlewares/Third_Party/FatFs/src/ff.o
 .text.st_word  0x080046ba       0x36 ./Middlewares/Third_Party/FatFs/src/ff.o
 .text.st_dword
                0x080046f0       0x58 ./Middlewares/Third_Party/FatFs/src/ff.o
 .text.mem_cpy  0x08004748       0x42 ./Middlewares/Third_Party/FatFs/src/ff.o
 .text.mem_set  0x0800478a       0x36 ./Middlewares/Third_Party/FatFs/src/ff.o
 .text.mem_cmp  0x080047c0       0x4e ./Middlewares/Third_Party/FatFs/src/ff.o
 .text.chk_chr  0x0800480e       0x36 ./Middlewares/Third_Party/FatFs/src/ff.o
 .text.chk_lock
                0x08004844       0xb8 ./Middlewares/Third_Party/FatFs/src/ff.o
 .text.enq_lock
                0x080048fc       0x44 ./Middlewares/Third_Party/FatFs/src/ff.o
 .text.inc_lock
                0x08004940      0x11c ./Middlewares/Third_Party/FatFs/src/ff.o
 .text.dec_lock
                0x08004a5c       0x78 ./Middlewares/Third_Party/FatFs/src/ff.o
 .text.clear_lock
                0x08004ad4       0x48 ./Middlewares/Third_Party/FatFs/src/ff.o
 .text.sync_window
                0x08004b1c       0x88 ./Middlewares/Third_Party/FatFs/src/ff.o
 .text.move_window
                0x08004ba4       0x5a ./Middlewares/Third_Party/FatFs/src/ff.o
 *fill*         0x08004bfe        0x2 
 .text.sync_fs  0x08004c00       0xe0 ./Middlewares/Third_Party/FatFs/src/ff.o
 .text.clust2sect
                0x08004ce0       0x3e ./Middlewares/Third_Party/FatFs/src/ff.o
 .text.get_fat  0x08004d1e      0x1a6 ./Middlewares/Third_Party/FatFs/src/ff.o
 .text.put_fat  0x08004ec4      0x234 ./Middlewares/Third_Party/FatFs/src/ff.o
 .text.remove_chain
                0x080050f8       0xca ./Middlewares/Third_Party/FatFs/src/ff.o
 .text.create_chain
                0x080051c2      0x130 ./Middlewares/Third_Party/FatFs/src/ff.o
 .text.clmt_clust
                0x080052f2       0x70 ./Middlewares/Third_Party/FatFs/src/ff.o
 .text.dir_sdi  0x08005362      0x112 ./Middlewares/Third_Party/FatFs/src/ff.o
 .text.dir_next
                0x08005474      0x1ac ./Middlewares/Third_Party/FatFs/src/ff.o
 .text.dir_alloc
                0x08005620       0x8e ./Middlewares/Third_Party/FatFs/src/ff.o
 .text.ld_clust
                0x080056ae       0x3e ./Middlewares/Third_Party/FatFs/src/ff.o
 .text.st_clust
                0x080056ec       0x40 ./Middlewares/Third_Party/FatFs/src/ff.o
 .text.cmp_lfn  0x0800572c       0xe0 ./Middlewares/Third_Party/FatFs/src/ff.o
 .text.pick_lfn
                0x0800580c       0xc8 ./Middlewares/Third_Party/FatFs/src/ff.o
 .text.put_lfn  0x080058d4       0xd0 ./Middlewares/Third_Party/FatFs/src/ff.o
 .text.gen_numname
                0x080059a4      0x11c ./Middlewares/Third_Party/FatFs/src/ff.o
 .text.sum_sfn  0x08005ac0       0x42 ./Middlewares/Third_Party/FatFs/src/ff.o
 .text.dir_read
                0x08005b02      0x14e ./Middlewares/Third_Party/FatFs/src/ff.o
 .text.dir_find
                0x08005c50      0x180 ./Middlewares/Third_Party/FatFs/src/ff.o
 .text.dir_register
                0x08005dd0      0x1f0 ./Middlewares/Third_Party/FatFs/src/ff.o
 .text.get_fileinfo
                0x08005fc0      0x1bc ./Middlewares/Third_Party/FatFs/src/ff.o
 .text.create_name
                0x0800617c      0x370 ./Middlewares/Third_Party/FatFs/src/ff.o
 .text.follow_path
                0x080064ec       0xec ./Middlewares/Third_Party/FatFs/src/ff.o
 .text.get_ldnumber
                0x080065d8       0x88 ./Middlewares/Third_Party/FatFs/src/ff.o
 .text.check_fs
                0x08006660       0xac ./Middlewares/Third_Party/FatFs/src/ff.o
 .text.find_volume
                0x0800670c      0x50c ./Middlewares/Third_Party/FatFs/src/ff.o
 .text.validate
                0x08006c18       0x6a ./Middlewares/Third_Party/FatFs/src/ff.o
 *fill*         0x08006c82        0x2 
 .text.f_mount  0x08006c84       0x8c ./Middlewares/Third_Party/FatFs/src/ff.o
                0x08006c84                f_mount
 .text.f_open   0x08006d10      0x390 ./Middlewares/Third_Party/FatFs/src/ff.o
                0x08006d10                f_open
 .text.f_read   0x080070a0      0x2be ./Middlewares/Third_Party/FatFs/src/ff.o
                0x080070a0                f_read
 .text.f_write  0x0800735e      0x328 ./Middlewares/Third_Party/FatFs/src/ff.o
                0x0800735e                f_write
 .text.f_sync   0x08007686       0xfc ./Middlewares/Third_Party/FatFs/src/ff.o
                0x08007686                f_sync
 .text.f_close  0x08007782       0x54 ./Middlewares/Third_Party/FatFs/src/ff.o
                0x08007782                f_close
 .text.f_opendir
                0x080077d6       0xe6 ./Middlewares/Third_Party/FatFs/src/ff.o
                0x080077d6                f_opendir
 .text.f_closedir
                0x080078bc       0x4c ./Middlewares/Third_Party/FatFs/src/ff.o
                0x080078bc                f_closedir
 .text.f_readdir
                0x08007908       0x7a ./Middlewares/Third_Party/FatFs/src/ff.o
                0x08007908                f_readdir
 .text.f_gets   0x08007982       0x7c ./Middlewares/Third_Party/FatFs/src/ff.o
                0x08007982                f_gets
 .text.putc_bfd
                0x080079fe       0x7a ./Middlewares/Third_Party/FatFs/src/ff.o
 .text.putc_flush
                0x08007a78       0x4a ./Middlewares/Third_Party/FatFs/src/ff.o
 .text.putc_init
                0x08007ac2       0x2a ./Middlewares/Third_Party/FatFs/src/ff.o
 .text.f_puts   0x08007aec       0x48 ./Middlewares/Third_Party/FatFs/src/ff.o
                0x08007aec                f_puts
 .text.FATFS_LinkDriverEx
                0x08007b34       0x98 ./Middlewares/Third_Party/FatFs/src/ff_gen_drv.o
                0x08007b34                FATFS_LinkDriverEx
 .text.FATFS_LinkDriver
                0x08007bcc       0x1e ./Middlewares/Third_Party/FatFs/src/ff_gen_drv.o
                0x08007bcc                FATFS_LinkDriver
 *fill*         0x08007bea        0x2 
 .text.ff_convert
                0x08007bec       0x78 ./Middlewares/Third_Party/FatFs/src/option/ccsbcs.o
                0x08007bec                ff_convert
 .text.ff_wtoupper
                0x08007c64      0x114 ./Middlewares/Third_Party/FatFs/src/option/ccsbcs.o
                0x08007c64                ff_wtoupper
 .text.atoi     0x08007d78        0x8 D:/Programas/ST/STM32CubeIDE/plugins/com.st.stm32cube.ide.mcu.externaltools.gnu-tools-for-stm32.12.3.rel1.win32_1.0.200.202406191623/tools/bin/../lib/gcc/arm-none-eabi/12.3.1/../../../../arm-none-eabi/lib/thumb/v7e-m+fp/hard\libc_nano.a(libc_a-atoi.o)
                0x08007d78                atoi
 .text._strtol_l.constprop.0
                0x08007d80       0xf4 D:/Programas/ST/STM32CubeIDE/plugins/com.st.stm32cube.ide.mcu.externaltools.gnu-tools-for-stm32.12.3.rel1.win32_1.0.200.202406191623/tools/bin/../lib/gcc/arm-none-eabi/12.3.1/../../../../arm-none-eabi/lib/thumb/v7e-m+fp/hard\libc_nano.a(libc_a-strtol.o)
 .text.strtol   0x08007e74       0x14 D:/Programas/ST/STM32CubeIDE/plugins/com.st.stm32cube.ide.mcu.externaltools.gnu-tools-for-stm32.12.3.rel1.win32_1.0.200.202406191623/tools/bin/../lib/gcc/arm-none-eabi/12.3.1/../../../../arm-none-eabi/lib/thumb/v7e-m+fp/hard\libc_nano.a(libc_a-strtol.o)
                0x08007e74                strtol
 .text.memset   0x08007e88       0x10 D:/Programas/ST/STM32CubeIDE/plugins/com.st.stm32cube.ide.mcu.externaltools.gnu-tools-for-stm32.12.3.rel1.win32_1.0.200.202406191623/tools/bin/../lib/gcc/arm-none-eabi/12.3.1/../../../../arm-none-eabi/lib/thumb/v7e-m+fp/hard\libc_nano.a(libc_a-memset.o)
                0x08007e88                memset
 .text.__errno  0x08007e98        0xc D:/Programas/ST/STM32CubeIDE/plugins/com.st.stm32cube.ide.mcu.externaltools.gnu-tools-for-stm32.12.3.rel1.win32_1.0.200.202406191623/tools/bin/../lib/gcc/arm-none-eabi/12.3.1/../../../../arm-none-eabi/lib/thumb/v7e-m+fp/hard\libc_nano.a(libc_a-errno.o)
                0x08007e98                __errno
 .text.__libc_init_array
                0x08007ea4       0x48 D:/Programas/ST/STM32CubeIDE/plugins/com.st.stm32cube.ide.mcu.externaltools.gnu-tools-for-stm32.12.3.rel1.win32_1.0.200.202406191623/tools/bin/../lib/gcc/arm-none-eabi/12.3.1/../../../../arm-none-eabi/lib/thumb/v7e-m+fp/hard\libc_nano.a(libc_a-init.o)
                0x08007ea4                __libc_init_array
 .text.strcpy   0x08007eec       0x10 D:/Programas/ST/STM32CubeIDE/plugins/com.st.stm32cube.ide.mcu.externaltools.gnu-tools-for-stm32.12.3.rel1.win32_1.0.200.202406191623/tools/bin/../lib/gcc/arm-none-eabi/12.3.1/../../../../arm-none-eabi/lib/thumb/v7e-m+fp/hard\libc_nano.a(libc_a-strcpy.o)
                0x08007eec                strcpy
 *(.glue_7)
 .glue_7        0x08007efc        0x0 linker stubs
 *(.glue_7t)
 .glue_7t       0x08007efc        0x0 linker stubs
 *(.eh_frame)
 .eh_frame      0x08007efc        0x0 D:/Programas/ST/STM32CubeIDE/plugins/com.st.stm32cube.ide.mcu.externaltools.gnu-tools-for-stm32.12.3.rel1.win32_1.0.200.202406191623/tools/bin/../lib/gcc/arm-none-eabi/12.3.1/thumb/v7e-m+fp/hard/crtbegin.o
 *(.init)
 .init          0x08007efc        0x4 D:/Programas/ST/STM32CubeIDE/plugins/com.st.stm32cube.ide.mcu.externaltools.gnu-tools-for-stm32.12.3.rel1.win32_1.0.200.202406191623/tools/bin/../lib/gcc/arm-none-eabi/12.3.1/thumb/v7e-m+fp/hard/crti.o
                0x08007efc                _init
 .init          0x08007f00        0x8 D:/Programas/ST/STM32CubeIDE/plugins/com.st.stm32cube.ide.mcu.externaltools.gnu-tools-for-stm32.12.3.rel1.win32_1.0.200.202406191623/tools/bin/../lib/gcc/arm-none-eabi/12.3.1/thumb/v7e-m+fp/hard/crtn.o
 *(.fini)
 .fini          0x08007f08        0x4 D:/Programas/ST/STM32CubeIDE/plugins/com.st.stm32cube.ide.mcu.externaltools.gnu-tools-for-stm32.12.3.rel1.win32_1.0.200.202406191623/tools/bin/../lib/gcc/arm-none-eabi/12.3.1/thumb/v7e-m+fp/hard/crti.o
                0x08007f08                _fini
 .fini          0x08007f0c        0x8 D:/Programas/ST/STM32CubeIDE/plugins/com.st.stm32cube.ide.mcu.externaltools.gnu-tools-for-stm32.12.3.rel1.win32_1.0.200.202406191623/tools/bin/../lib/gcc/arm-none-eabi/12.3.1/thumb/v7e-m+fp/hard/crtn.o
                0x08007f14                        . = ALIGN (0x4)
                0x08007f14                        _etext = .

.vfp11_veneer   0x08007f14        0x0
 .vfp11_veneer  0x08007f14        0x0 linker stubs

.v4_bx          0x08007f14        0x0
 .v4_bx         0x08007f14        0x0 linker stubs

.iplt           0x08007f14        0x0
 .iplt          0x08007f14        0x0 D:/Programas/ST/STM32CubeIDE/plugins/com.st.stm32cube.ide.mcu.externaltools.gnu-tools-for-stm32.12.3.rel1.win32_1.0.200.202406191623/tools/bin/../lib/gcc/arm-none-eabi/12.3.1/thumb/v7e-m+fp/hard/crtbegin.o

.rodata         0x08007f14      0x764
                0x08007f14                        . = ALIGN (0x4)
 *(.rodata)
 .rodata        0x08007f14      0x1c0 ./Core/Src/main.o
 .rodata        0x080080d4       0x48 ./Middlewares/Third_Party/FatFs/src/ff.o
 *(.rodata*)
 .rodata.AHBPrescTable
                0x0800811c       0x10 ./Core/Src/system_stm32f4xx.o
                0x0800811c                AHBPrescTable
 .rodata.APBPrescTable
                0x0800812c        0x8 ./Core/Src/system_stm32f4xx.o
                0x0800812c                APBPrescTable
 .rodata.ExCvt  0x08008134       0x80 ./Middlewares/Third_Party/FatFs/src/ff.o
 .rodata.LfnOfs
                0x080081b4        0xd ./Middlewares/Third_Party/FatFs/src/ff.o
 *fill*         0x080081c1        0x3 
 .rodata.Tbl    0x080081c4      0x100 ./Middlewares/Third_Party/FatFs/src/option/ccsbcs.o
 .rodata.cvt1.1
                0x080082c4      0x1f2 ./Middlewares/Third_Party/FatFs/src/option/ccsbcs.o
 *fill*         0x080084b6        0x2 
 .rodata.cvt2.0
                0x080084b8       0xbc ./Middlewares/Third_Party/FatFs/src/option/ccsbcs.o
 .rodata._ctype_
                0x08008574      0x101 D:/Programas/ST/STM32CubeIDE/plugins/com.st.stm32cube.ide.mcu.externaltools.gnu-tools-for-stm32.12.3.rel1.win32_1.0.200.202406191623/tools/bin/../lib/gcc/arm-none-eabi/12.3.1/../../../../arm-none-eabi/lib/thumb/v7e-m+fp/hard\libc_nano.a(libc_a-ctype_.o)
                0x08008574                _ctype_
                0x08008678                        . = ALIGN (0x4)
 *fill*         0x08008675        0x3 

.ARM.extab      0x08008678        0x0
                0x08008678                        . = ALIGN (0x4)
 *(.ARM.extab* .gnu.linkonce.armextab.*)
                0x08008678                        . = ALIGN (0x4)

.ARM            0x08008678        0x8
                0x08008678                        . = ALIGN (0x4)
                0x08008678                        __exidx_start = .
 *(.ARM.exidx*)
 .ARM.exidx     0x08008678        0x8 D:/Programas/ST/STM32CubeIDE/plugins/com.st.stm32cube.ide.mcu.externaltools.gnu-tools-for-stm32.12.3.rel1.win32_1.0.200.202406191623/tools/bin/../lib/gcc/arm-none-eabi/12.3.1/../../../../arm-none-eabi/lib/thumb/v7e-m+fp/hard\libc_nano.a(libc_a-strcmp.o)
 .ARM.exidx     0x08008680        0x0 D:/Programas/ST/STM32CubeIDE/plugins/com.st.stm32cube.ide.mcu.externaltools.gnu-tools-for-stm32.12.3.rel1.win32_1.0.200.202406191623/tools/bin/../lib/gcc/arm-none-eabi/12.3.1/../../../../arm-none-eabi/lib/thumb/v7e-m+fp/hard\libc_nano.a(libc_a-strlen.o)
                                  0x8 (size before relaxing)
 .ARM.exidx     0x08008680        0x0 D:/Programas/ST/STM32CubeIDE/plugins/com.st.stm32cube.ide.mcu.externaltools.gnu-tools-for-stm32.12.3.rel1.win32_1.0.200.202406191623/tools/bin/../lib/gcc/arm-none-eabi/12.3.1/thumb/v7e-m+fp/hard\libgcc.a(_udivmoddi4.o)
                                  0x8 (size before relaxing)
                0x08008680                        __exidx_end = .
                0x08008680                        . = ALIGN (0x4)

.preinit_array  0x08008680        0x0
                0x08008680                        . = ALIGN (0x4)
                0x08008680                        PROVIDE (__preinit_array_start = .)
 *(.preinit_array*)
                0x08008680                        PROVIDE (__preinit_array_end = .)
                0x08008680                        . = ALIGN (0x4)

.init_array     0x08008680        0x4
                0x08008680                        . = ALIGN (0x4)
                0x08008680                        PROVIDE (__init_array_start = .)
 *(SORT_BY_NAME(.init_array.*))
 *(.init_array*)
 .init_array    0x08008680        0x4 D:/Programas/ST/STM32CubeIDE/plugins/com.st.stm32cube.ide.mcu.externaltools.gnu-tools-for-stm32.12.3.rel1.win32_1.0.200.202406191623/tools/bin/../lib/gcc/arm-none-eabi/12.3.1/thumb/v7e-m+fp/hard/crtbegin.o
                0x08008684                        PROVIDE (__init_array_end = .)
                0x08008684                        . = ALIGN (0x4)

.fini_array     0x08008684        0x4
                0x08008684                        . = ALIGN (0x4)
                [!provide]                        PROVIDE (__fini_array_start = .)
 *(SORT_BY_NAME(.fini_array.*))
 *(.fini_array*)
 .fini_array    0x08008684        0x4 D:/Programas/ST/STM32CubeIDE/plugins/com.st.stm32cube.ide.mcu.externaltools.gnu-tools-for-stm32.12.3.rel1.win32_1.0.200.202406191623/tools/bin/../lib/gcc/arm-none-eabi/12.3.1/thumb/v7e-m+fp/hard/crtbegin.o
                [!provide]                        PROVIDE (__fini_array_end = .)
                0x08008688                        . = ALIGN (0x4)
                0x08008688                        _sidata = LOADADDR (.data)

.rel.dyn        0x08008688        0x0
 .rel.iplt      0x08008688        0x0 D:/Programas/ST/STM32CubeIDE/plugins/com.st.stm32cube.ide.mcu.externaltools.gnu-tools-for-stm32.12.3.rel1.win32_1.0.200.202406191623/tools/bin/../lib/gcc/arm-none-eabi/12.3.1/thumb/v7e-m+fp/hard/crtbegin.o

.data           0x20000000       0x74 load address 0x08008688
                0x20000000                        . = ALIGN (0x4)
                0x20000000                        _sdata = .
 *(.data)
 *(.data*)
 .data.Stat     0x20000000        0x1 ./Core/Src/fatfs_sd.o
 *fill*         0x20000001        0x3 
 .data.SystemCoreClock
                0x20000004        0x4 ./Core/Src/system_stm32f4xx.o
                0x20000004                SystemCoreClock
 .data.uwTickPrio
                0x20000008        0x4 ./Drivers/STM32F4xx_HAL_Driver/Src/stm32f4xx_hal.o
                0x20000008                uwTickPrio
 .data.uwTickFreq
                0x2000000c        0x1 ./Drivers/STM32F4xx_HAL_Driver/Src/stm32f4xx_hal.o
                0x2000000c                uwTickFreq
 *fill*         0x2000000d        0x3 
 .data.USER_Driver
                0x20000010       0x14 ./FATFS/Target/user_diskio.o
                0x20000010                USER_Driver
 .data._impure_ptr
                0x20000024        0x4 D:/Programas/ST/STM32CubeIDE/plugins/com.st.stm32cube.ide.mcu.externaltools.gnu-tools-for-stm32.12.3.rel1.win32_1.0.200.202406191623/tools/bin/../lib/gcc/arm-none-eabi/12.3.1/../../../../arm-none-eabi/lib/thumb/v7e-m+fp/hard\libc_nano.a(libc_a-impure.o)
                0x20000024                _impure_ptr
 .data._impure_data
                0x20000028       0x4c D:/Programas/ST/STM32CubeIDE/plugins/com.st.stm32cube.ide.mcu.externaltools.gnu-tools-for-stm32.12.3.rel1.win32_1.0.200.202406191623/tools/bin/../lib/gcc/arm-none-eabi/12.3.1/../../../../arm-none-eabi/lib/thumb/v7e-m+fp/hard\libc_nano.a(libc_a-impure.o)
                0x20000028                _impure_data
 *(.RamFunc)
 *(.RamFunc*)
                0x20000074                        . = ALIGN (0x4)
                0x20000074                        _edata = .

.igot.plt       0x20000074        0x0 load address 0x080086fc
 .igot.plt      0x20000074        0x0 D:/Programas/ST/STM32CubeIDE/plugins/com.st.stm32cube.ide.mcu.externaltools.gnu-tools-for-stm32.12.3.rel1.win32_1.0.200.202406191623/tools/bin/../lib/gcc/arm-none-eabi/12.3.1/thumb/v7e-m+fp/hard/crtbegin.o
                0x20000074                        . = ALIGN (0x4)

.bss            0x20000074     0x3294 load address 0x080086fc
                0x20000074                        _sbss = .
                0x20000074                        __bss_start__ = _sbss
 *(.bss)
 .bss           0x20000074       0x1c D:/Programas/ST/STM32CubeIDE/plugins/com.st.stm32cube.ide.mcu.externaltools.gnu-tools-for-stm32.12.3.rel1.win32_1.0.200.202406191623/tools/bin/../lib/gcc/arm-none-eabi/12.3.1/thumb/v7e-m+fp/hard/crtbegin.o
 *(.bss*)
 .bss.Timer1    0x20000090        0x2 ./Core/Src/fatfs_sd.o
                0x20000090                Timer1
 .bss.Timer2    0x20000092        0x2 ./Core/Src/fatfs_sd.o
                0x20000092                Timer2
 .bss.CardType  0x20000094        0x1 ./Core/Src/fatfs_sd.o
 .bss.PowerFlag
                0x20000095        0x1 ./Core/Src/fatfs_sd.o
 *fill*         0x20000096        0x2 
 .bss.hspi1     0x20000098       0x58 ./Core/Src/main.o
                0x20000098                hspi1
 .bss.fs        0x200000f0     0x1038 ./Core/Src/main.o
                0x200000f0                fs
 .bss.fil       0x20001128     0x1030 ./Core/Src/main.o
                0x20001128                fil
 .bss.fres      0x20002158        0x1 ./Core/Src/main.o
                0x20002158                fres
 *fill*         0x20002159        0x3 
 .bss.huart2    0x2000215c       0x48 ./Core/Src/main.o
                0x2000215c                huart2
 .bss.rx_data   0x200021a4        0x1 ./Core/Src/main.o
                0x200021a4                rx_data
 .bss.activa    0x200021a5        0x1 ./Core/Src/main.o
                0x200021a5                activa
 .bss.activa1   0x200021a6        0x1 ./Core/Src/main.o
                0x200021a6                activa1
 *fill*         0x200021a7        0x1 
 .bss.file_list
                0x200021a8      0xdac ./Core/Src/main.o
                0x200021a8                file_list
 .bss.file_count
                0x20002f54        0x4 ./Core/Src/main.o
                0x20002f54                file_count
 .bss.file_name
                0x20002f58       0x32 ./Core/Src/main.o
                0x20002f58                file_name
 *fill*         0x20002f8a        0x2 
 .bss.receiving_file
                0x20002f8c        0x4 ./Core/Src/main.o
                0x20002f8c                receiving_file
 .bss.uwTick    0x20002f90        0x4 ./Drivers/STM32F4xx_HAL_Driver/Src/stm32f4xx_hal.o
                0x20002f90                uwTick
 .bss.retUSER   0x20002f94        0x1 ./FATFS/App/fatfs.o
                0x20002f94                retUSER
 *fill*         0x20002f95        0x3 
 .bss.USERPath  0x20002f98        0x4 ./FATFS/App/fatfs.o
                0x20002f98                USERPath
 .bss.FatFs     0x20002f9c        0x4 ./Middlewares/Third_Party/FatFs/src/ff.o
 .bss.Fsid      0x20002fa0        0x2 ./Middlewares/Third_Party/FatFs/src/ff.o
 *fill*         0x20002fa2        0x2 
 .bss.Files     0x20002fa4       0x20 ./Middlewares/Third_Party/FatFs/src/ff.o
 .bss.LfnBuf    0x20002fc4      0x200 ./Middlewares/Third_Party/FatFs/src/ff.o
 .bss.disk      0x200031c4        0xc ./Middlewares/Third_Party/FatFs/src/ff_gen_drv.o
                0x200031c4                disk
 .bss.__sf      0x200031d0      0x138 D:/Programas/ST/STM32CubeIDE/plugins/com.st.stm32cube.ide.mcu.externaltools.gnu-tools-for-stm32.12.3.rel1.win32_1.0.200.202406191623/tools/bin/../lib/gcc/arm-none-eabi/12.3.1/../../../../arm-none-eabi/lib/thumb/v7e-m+fp/hard\libc_nano.a(libc_a-findfp.o)
                0x200031d0                __sf
 *(COMMON)
                0x20003308                        . = ALIGN (0x4)
                0x20003308                        _ebss = .
                0x20003308                        __bss_end__ = _ebss

._user_heap_stack
                0x20003308      0x600 load address 0x080086fc
                0x20003308                        . = ALIGN (0x8)
                [!provide]                        PROVIDE (end = .)
                0x20003308                        PROVIDE (_end = .)
                0x20003508                        . = (. + _Min_Heap_Size)
 *fill*         0x20003308      0x200 
                0x20003908                        . = (. + _Min_Stack_Size)
 *fill*         0x20003508      0x400 
                0x20003908                        . = ALIGN (0x8)

/DISCARD/
 libc.a(*)
 libm.a(*)
 libgcc.a(*)

.ARM.attributes
                0x00000000       0x30
 *(.ARM.attributes)
 .ARM.attributes
                0x00000000       0x22 D:/Programas/ST/STM32CubeIDE/plugins/com.st.stm32cube.ide.mcu.externaltools.gnu-tools-for-stm32.12.3.rel1.win32_1.0.200.202406191623/tools/bin/../lib/gcc/arm-none-eabi/12.3.1/thumb/v7e-m+fp/hard/crti.o
 .ARM.attributes
                0x00000022       0x34 D:/Programas/ST/STM32CubeIDE/plugins/com.st.stm32cube.ide.mcu.externaltools.gnu-tools-for-stm32.12.3.rel1.win32_1.0.200.202406191623/tools/bin/../lib/gcc/arm-none-eabi/12.3.1/thumb/v7e-m+fp/hard/crtbegin.o
 .ARM.attributes
                0x00000056       0x34 ./Core/Src/fatfs_sd.o
 .ARM.attributes
                0x0000008a       0x34 ./Core/Src/main.o
 .ARM.attributes
                0x000000be       0x34 ./Core/Src/stm32f4xx_hal_msp.o
 .ARM.attributes
                0x000000f2       0x34 ./Core/Src/stm32f4xx_it.o
 .ARM.attributes
                0x00000126       0x34 ./Core/Src/system_stm32f4xx.o
 .ARM.attributes
                0x0000015a       0x21 ./Core/Startup/startup_stm32f446retx.o
 .ARM.attributes
                0x0000017b       0x34 ./Drivers/STM32F4xx_HAL_Driver/Src/stm32f4xx_hal.o
 .ARM.attributes
                0x000001af       0x34 ./Drivers/STM32F4xx_HAL_Driver/Src/stm32f4xx_hal_cortex.o
 .ARM.attributes
                0x000001e3       0x34 ./Drivers/STM32F4xx_HAL_Driver/Src/stm32f4xx_hal_dma.o
 .ARM.attributes
                0x00000217       0x34 ./Drivers/STM32F4xx_HAL_Driver/Src/stm32f4xx_hal_gpio.o
 .ARM.attributes
                0x0000024b       0x34 ./Drivers/STM32F4xx_HAL_Driver/Src/stm32f4xx_hal_rcc.o
 .ARM.attributes
                0x0000027f       0x34 ./Drivers/STM32F4xx_HAL_Driver/Src/stm32f4xx_hal_rcc_ex.o
 .ARM.attributes
                0x000002b3       0x34 ./Drivers/STM32F4xx_HAL_Driver/Src/stm32f4xx_hal_spi.o
 .ARM.attributes
                0x000002e7       0x34 ./Drivers/STM32F4xx_HAL_Driver/Src/stm32f4xx_hal_uart.o
 .ARM.attributes
                0x0000031b       0x34 ./FATFS/App/fatfs.o
 .ARM.attributes
                0x0000034f       0x34 ./FATFS/Target/user_diskio.o
 .ARM.attributes
                0x00000383       0x34 ./Middlewares/Third_Party/FatFs/src/diskio.o
 .ARM.attributes
                0x000003b7       0x34 ./Middlewares/Third_Party/FatFs/src/ff.o
 .ARM.attributes
                0x000003eb       0x34 ./Middlewares/Third_Party/FatFs/src/ff_gen_drv.o
 .ARM.attributes
                0x0000041f       0x34 ./Middlewares/Third_Party/FatFs/src/option/ccsbcs.o
 .ARM.attributes
                0x00000453       0x34 D:/Programas/ST/STM32CubeIDE/plugins/com.st.stm32cube.ide.mcu.externaltools.gnu-tools-for-stm32.12.3.rel1.win32_1.0.200.202406191623/tools/bin/../lib/gcc/arm-none-eabi/12.3.1/../../../../arm-none-eabi/lib/thumb/v7e-m+fp/hard\libc_nano.a(libc_a-atoi.o)
 .ARM.attributes
                0x00000487       0x34 D:/Programas/ST/STM32CubeIDE/plugins/com.st.stm32cube.ide.mcu.externaltools.gnu-tools-for-stm32.12.3.rel1.win32_1.0.200.202406191623/tools/bin/../lib/gcc/arm-none-eabi/12.3.1/../../../../arm-none-eabi/lib/thumb/v7e-m+fp/hard\libc_nano.a(libc_a-strtol.o)
 .ARM.attributes
                0x000004bb       0x34 D:/Programas/ST/STM32CubeIDE/plugins/com.st.stm32cube.ide.mcu.externaltools.gnu-tools-for-stm32.12.3.rel1.win32_1.0.200.202406191623/tools/bin/../lib/gcc/arm-none-eabi/12.3.1/../../../../arm-none-eabi/lib/thumb/v7e-m+fp/hard\libc_nano.a(libc_a-ctype_.o)
 .ARM.attributes
                0x000004ef       0x34 D:/Programas/ST/STM32CubeIDE/plugins/com.st.stm32cube.ide.mcu.externaltools.gnu-tools-for-stm32.12.3.rel1.win32_1.0.200.202406191623/tools/bin/../lib/gcc/arm-none-eabi/12.3.1/../../../../arm-none-eabi/lib/thumb/v7e-m+fp/hard\libc_nano.a(libc_a-findfp.o)
 .ARM.attributes
                0x00000523       0x34 D:/Programas/ST/STM32CubeIDE/plugins/com.st.stm32cube.ide.mcu.externaltools.gnu-tools-for-stm32.12.3.rel1.win32_1.0.200.202406191623/tools/bin/../lib/gcc/arm-none-eabi/12.3.1/../../../../arm-none-eabi/lib/thumb/v7e-m+fp/hard\libc_nano.a(libc_a-memset.o)
 .ARM.attributes
                0x00000557       0x34 D:/Programas/ST/STM32CubeIDE/plugins/com.st.stm32cube.ide.mcu.externaltools.gnu-tools-for-stm32.12.3.rel1.win32_1.0.200.202406191623/tools/bin/../lib/gcc/arm-none-eabi/12.3.1/../../../../arm-none-eabi/lib/thumb/v7e-m+fp/hard\libc_nano.a(libc_a-impure.o)
 .ARM.attributes
                0x0000058b       0x34 D:/Programas/ST/STM32CubeIDE/plugins/com.st.stm32cube.ide.mcu.externaltools.gnu-tools-for-stm32.12.3.rel1.win32_1.0.200.202406191623/tools/bin/../lib/gcc/arm-none-eabi/12.3.1/../../../../arm-none-eabi/lib/thumb/v7e-m+fp/hard\libc_nano.a(libc_a-errno.o)
 .ARM.attributes
                0x000005bf       0x34 D:/Programas/ST/STM32CubeIDE/plugins/com.st.stm32cube.ide.mcu.externaltools.gnu-tools-for-stm32.12.3.rel1.win32_1.0.200.202406191623/tools/bin/../lib/gcc/arm-none-eabi/12.3.1/../../../../arm-none-eabi/lib/thumb/v7e-m+fp/hard\libc_nano.a(libc_a-init.o)
 .ARM.attributes
                0x000005f3       0x20 D:/Programas/ST/STM32CubeIDE/plugins/com.st.stm32cube.ide.mcu.externaltools.gnu-tools-for-stm32.12.3.rel1.win32_1.0.200.202406191623/tools/bin/../lib/gcc/arm-none-eabi/12.3.1/../../../../arm-none-eabi/lib/thumb/v7e-m+fp/hard\libc_nano.a(libc_a-strcmp.o)
 .ARM.attributes
                0x00000613       0x34 D:/Programas/ST/STM32CubeIDE/plugins/com.st.stm32cube.ide.mcu.externaltools.gnu-tools-for-stm32.12.3.rel1.win32_1.0.200.202406191623/tools/bin/../lib/gcc/arm-none-eabi/12.3.1/../../../../arm-none-eabi/lib/thumb/v7e-m+fp/hard\libc_nano.a(libc_a-strcpy.o)
 .ARM.attributes
                0x00000647       0x17 D:/Programas/ST/STM32CubeIDE/plugins/com.st.stm32cube.ide.mcu.externaltools.gnu-tools-for-stm32.12.3.rel1.win32_1.0.200.202406191623/tools/bin/../lib/gcc/arm-none-eabi/12.3.1/../../../../arm-none-eabi/lib/thumb/v7e-m+fp/hard\libc_nano.a(libc_a-strlen.o)
 .ARM.attributes
                0x0000065e       0x22 D:/Programas/ST/STM32CubeIDE/plugins/com.st.stm32cube.ide.mcu.externaltools.gnu-tools-for-stm32.12.3.rel1.win32_1.0.200.202406191623/tools/bin/../lib/gcc/arm-none-eabi/12.3.1/thumb/v7e-m+fp/hard\libgcc.a(_aeabi_uldivmod.o)
 .ARM.attributes
                0x00000680       0x34 D:/Programas/ST/STM32CubeIDE/plugins/com.st.stm32cube.ide.mcu.externaltools.gnu-tools-for-stm32.12.3.rel1.win32_1.0.200.202406191623/tools/bin/../lib/gcc/arm-none-eabi/12.3.1/thumb/v7e-m+fp/hard\libgcc.a(_udivmoddi4.o)
 .ARM.attributes
                0x000006b4       0x22 D:/Programas/ST/STM32CubeIDE/plugins/com.st.stm32cube.ide.mcu.externaltools.gnu-tools-for-stm32.12.3.rel1.win32_1.0.200.202406191623/tools/bin/../lib/gcc/arm-none-eabi/12.3.1/thumb/v7e-m+fp/hard\libgcc.a(_dvmd_tls.o)
 .ARM.attributes
                0x000006d6       0x22 D:/Programas/ST/STM32CubeIDE/plugins/com.st.stm32cube.ide.mcu.externaltools.gnu-tools-for-stm32.12.3.rel1.win32_1.0.200.202406191623/tools/bin/../lib/gcc/arm-none-eabi/12.3.1/thumb/v7e-m+fp/hard/crtn.o
OUTPUT(STM32.elf elf32-littlearm)
LOAD linker stubs
LOAD D:/Programas/ST/STM32CubeIDE/plugins/com.st.stm32cube.ide.mcu.externaltools.gnu-tools-for-stm32.12.3.rel1.win32_1.0.200.202406191623/tools/bin/../lib/gcc/arm-none-eabi/12.3.1/../../../../arm-none-eabi/lib/thumb/v7e-m+fp/hard\libc.a
LOAD D:/Programas/ST/STM32CubeIDE/plugins/com.st.stm32cube.ide.mcu.externaltools.gnu-tools-for-stm32.12.3.rel1.win32_1.0.200.202406191623/tools/bin/../lib/gcc/arm-none-eabi/12.3.1/../../../../arm-none-eabi/lib/thumb/v7e-m+fp/hard\libm.a
LOAD D:/Programas/ST/STM32CubeIDE/plugins/com.st.stm32cube.ide.mcu.externaltools.gnu-tools-for-stm32.12.3.rel1.win32_1.0.200.202406191623/tools/bin/../lib/gcc/arm-none-eabi/12.3.1/thumb/v7e-m+fp/hard\libgcc.a

.debug_info     0x00000000     0xf348
 .debug_info    0x00000000      0xc35 ./Core/Src/fatfs_sd.o
 .debug_info    0x00000c35     0x1703 ./Core/Src/main.o
 .debug_info    0x00002338      0xe97 ./Core/Src/stm32f4xx_hal_msp.o
 .debug_info    0x000031cf      0x657 ./Core/Src/stm32f4xx_it.o
 .debug_info    0x00003826      0x54a ./Core/Src/system_stm32f4xx.o
 .debug_info    0x00003d70       0x30 ./Core/Startup/startup_stm32f446retx.o
 .debug_info    0x00003da0      0x99a ./Drivers/STM32F4xx_HAL_Driver/Src/stm32f4xx_hal.o
 .debug_info    0x0000473a      0xdaa ./Drivers/STM32F4xx_HAL_Driver/Src/stm32f4xx_hal_cortex.o
 .debug_info    0x000054e4      0x8e7 ./Drivers/STM32F4xx_HAL_Driver/Src/stm32f4xx_hal_dma.o
 .debug_info    0x00005dcb      0x70b ./Drivers/STM32F4xx_HAL_Driver/Src/stm32f4xx_hal_gpio.o
 .debug_info    0x000064d6      0x8eb ./Drivers/STM32F4xx_HAL_Driver/Src/stm32f4xx_hal_rcc.o
 .debug_info    0x00006dc1      0x956 ./Drivers/STM32F4xx_HAL_Driver/Src/stm32f4xx_hal_rcc_ex.o
 .debug_info    0x00007717     0x1525 ./Drivers/STM32F4xx_HAL_Driver/Src/stm32f4xx_hal_spi.o
 .debug_info    0x00008c3c     0x2f4f ./Drivers/STM32F4xx_HAL_Driver/Src/stm32f4xx_hal_uart.o
 .debug_info    0x0000bb8b      0x508 ./FATFS/App/fatfs.o
 .debug_info    0x0000c093      0x3af ./FATFS/Target/user_diskio.o
 .debug_info    0x0000c442      0x3df ./Middlewares/Third_Party/FatFs/src/diskio.o
 .debug_info    0x0000c821     0x25ef ./Middlewares/Third_Party/FatFs/src/ff.o
 .debug_info    0x0000ee10      0x37f ./Middlewares/Third_Party/FatFs/src/ff_gen_drv.o
 .debug_info    0x0000f18f      0x1b9 ./Middlewares/Third_Party/FatFs/src/option/ccsbcs.o

.debug_abbrev   0x00000000     0x2796
 .debug_abbrev  0x00000000      0x2ee ./Core/Src/fatfs_sd.o
 .debug_abbrev  0x000002ee      0x322 ./Core/Src/main.o
 .debug_abbrev  0x00000610      0x1cd ./Core/Src/stm32f4xx_hal_msp.o
 .debug_abbrev  0x000007dd      0x189 ./Core/Src/stm32f4xx_it.o
 .debug_abbrev  0x00000966      0x11a ./Core/Src/system_stm32f4xx.o
 .debug_abbrev  0x00000a80       0x24 ./Core/Startup/startup_stm32f446retx.o
 .debug_abbrev  0x00000aa4      0x214 ./Drivers/STM32F4xx_HAL_Driver/Src/stm32f4xx_hal.o
 .debug_abbrev  0x00000cb8      0x31d ./Drivers/STM32F4xx_HAL_Driver/Src/stm32f4xx_hal_cortex.o
 .debug_abbrev  0x00000fd5      0x264 ./Drivers/STM32F4xx_HAL_Driver/Src/stm32f4xx_hal_dma.o
 .debug_abbrev  0x00001239      0x1d4 ./Drivers/STM32F4xx_HAL_Driver/Src/stm32f4xx_hal_gpio.o
 .debug_abbrev  0x0000140d      0x2b7 ./Drivers/STM32F4xx_HAL_Driver/Src/stm32f4xx_hal_rcc.o
 .debug_abbrev  0x000016c4      0x20a ./Drivers/STM32F4xx_HAL_Driver/Src/stm32f4xx_hal_rcc_ex.o
 .debug_abbrev  0x000018ce      0x27a ./Drivers/STM32F4xx_HAL_Driver/Src/stm32f4xx_hal_spi.o
 .debug_abbrev  0x00001b48      0x30e ./Drivers/STM32F4xx_HAL_Driver/Src/stm32f4xx_hal_uart.o
 .debug_abbrev  0x00001e56      0x15e ./FATFS/App/fatfs.o
 .debug_abbrev  0x00001fb4      0x15a ./FATFS/Target/user_diskio.o
 .debug_abbrev  0x0000210e      0x181 ./Middlewares/Third_Party/FatFs/src/diskio.o
 .debug_abbrev  0x0000228f      0x28a ./Middlewares/Third_Party/FatFs/src/ff.o
 .debug_abbrev  0x00002519      0x19f ./Middlewares/Third_Party/FatFs/src/ff_gen_drv.o
 .debug_abbrev  0x000026b8       0xde ./Middlewares/Third_Party/FatFs/src/option/ccsbcs.o

.debug_aranges  0x00000000      0xd30
 .debug_aranges
                0x00000000       0xa8 ./Core/Src/fatfs_sd.o
 .debug_aranges
                0x000000a8       0x68 ./Core/Src/main.o
 .debug_aranges
                0x00000110       0x40 ./Core/Src/stm32f4xx_hal_msp.o
 .debug_aranges
                0x00000150       0x68 ./Core/Src/stm32f4xx_it.o
 .debug_aranges
                0x000001b8       0x28 ./Core/Src/system_stm32f4xx.o
 .debug_aranges
                0x000001e0       0x28 ./Core/Startup/startup_stm32f446retx.o
 .debug_aranges
                0x00000208       0xf0 ./Drivers/STM32F4xx_HAL_Driver/Src/stm32f4xx_hal.o
 .debug_aranges
                0x000002f8      0x130 ./Drivers/STM32F4xx_HAL_Driver/Src/stm32f4xx_hal_cortex.o
 .debug_aranges
                0x00000428       0x90 ./Drivers/STM32F4xx_HAL_Driver/Src/stm32f4xx_hal_dma.o
 .debug_aranges
                0x000004b8       0x58 ./Drivers/STM32F4xx_HAL_Driver/Src/stm32f4xx_hal_gpio.o
 .debug_aranges
                0x00000510       0x88 ./Drivers/STM32F4xx_HAL_Driver/Src/stm32f4xx_hal_rcc.o
 .debug_aranges
                0x00000598       0x78 ./Drivers/STM32F4xx_HAL_Driver/Src/stm32f4xx_hal_rcc_ex.o
 .debug_aranges
                0x00000610      0x1d0 ./Drivers/STM32F4xx_HAL_Driver/Src/stm32f4xx_hal_spi.o
 .debug_aranges
                0x000007e0      0x208 ./Drivers/STM32F4xx_HAL_Driver/Src/stm32f4xx_hal_uart.o
 .debug_aranges
                0x000009e8       0x28 ./FATFS/App/fatfs.o
 .debug_aranges
                0x00000a10       0x40 ./FATFS/Target/user_diskio.o
 .debug_aranges
                0x00000a50       0x48 ./Middlewares/Third_Party/FatFs/src/diskio.o
 .debug_aranges
                0x00000a98      0x230 ./Middlewares/Third_Party/FatFs/src/ff.o
 .debug_aranges
                0x00000cc8       0x40 ./Middlewares/Third_Party/FatFs/src/ff_gen_drv.o
 .debug_aranges
                0x00000d08       0x28 ./Middlewares/Third_Party/FatFs/src/option/ccsbcs.o

.debug_rnglists
                0x00000000      0xa31
 .debug_rnglists
                0x00000000       0x80 ./Core/Src/fatfs_sd.o
 .debug_rnglists
                0x00000080       0x5a ./Core/Src/main.o
 .debug_rnglists
                0x000000da       0x2d ./Core/Src/stm32f4xx_hal_msp.o
 .debug_rnglists
                0x00000107       0x49 ./Core/Src/stm32f4xx_it.o
 .debug_rnglists
                0x00000150       0x1a ./Core/Src/system_stm32f4xx.o
 .debug_rnglists
                0x0000016a       0x19 ./Core/Startup/startup_stm32f446retx.o
 .debug_rnglists
                0x00000183       0xaf ./Drivers/STM32F4xx_HAL_Driver/Src/stm32f4xx_hal.o
 .debug_rnglists
                0x00000232       0xe0 ./Drivers/STM32F4xx_HAL_Driver/Src/stm32f4xx_hal_cortex.o
 .debug_rnglists
                0x00000312       0x70 ./Drivers/STM32F4xx_HAL_Driver/Src/stm32f4xx_hal_dma.o
 .debug_rnglists
                0x00000382       0x3f ./Drivers/STM32F4xx_HAL_Driver/Src/stm32f4xx_hal_gpio.o
 .debug_rnglists
                0x000003c1       0x66 ./Drivers/STM32F4xx_HAL_Driver/Src/stm32f4xx_hal_rcc.o
 .debug_rnglists
                0x00000427       0x5e ./Drivers/STM32F4xx_HAL_Driver/Src/stm32f4xx_hal_rcc_ex.o
 .debug_rnglists
                0x00000485      0x16f ./Drivers/STM32F4xx_HAL_Driver/Src/stm32f4xx_hal_spi.o
 .debug_rnglists
                0x000005f4      0x1bc ./Drivers/STM32F4xx_HAL_Driver/Src/stm32f4xx_hal_uart.o
 .debug_rnglists
                0x000007b0       0x19 ./FATFS/App/fatfs.o
 .debug_rnglists
                0x000007c9       0x2b ./FATFS/Target/user_diskio.o
 .debug_rnglists
                0x000007f4       0x31 ./Middlewares/Third_Party/FatFs/src/diskio.o
 .debug_rnglists
                0x00000825      0x1c6 ./Middlewares/Third_Party/FatFs/src/ff.o
 .debug_rnglists
                0x000009eb       0x2c ./Middlewares/Third_Party/FatFs/src/ff_gen_drv.o
 .debug_rnglists
                0x00000a17       0x1a ./Middlewares/Third_Party/FatFs/src/option/ccsbcs.o

.debug_macro    0x00000000    0x22fee
 .debug_macro   0x00000000      0x1f7 ./Core/Src/fatfs_sd.o
 .debug_macro   0x000001f7      0xab4 ./Core/Src/fatfs_sd.o
 .debug_macro   0x00000cab      0x29b ./Core/Src/fatfs_sd.o
 .debug_macro   0x00000f46       0x2e ./Core/Src/fatfs_sd.o
 .debug_macro   0x00000f74       0x28 ./Core/Src/fatfs_sd.o
 .debug_macro   0x00000f9c       0x22 ./Core/Src/fatfs_sd.o
 .debug_macro   0x00000fbe       0x8e ./Core/Src/fatfs_sd.o
 .debug_macro   0x0000104c       0x51 ./Core/Src/fatfs_sd.o
 .debug_macro   0x0000109d      0x103 ./Core/Src/fatfs_sd.o
 .debug_macro   0x000011a0       0x6a ./Core/Src/fatfs_sd.o
 .debug_macro   0x0000120a      0x1df ./Core/Src/fatfs_sd.o
 .debug_macro   0x000013e9       0x1c ./Core/Src/fatfs_sd.o
 .debug_macro   0x00001405       0x22 ./Core/Src/fatfs_sd.o
 .debug_macro   0x00001427       0xfb ./Core/Src/fatfs_sd.o
 .debug_macro   0x00001522     0x1011 ./Core/Src/fatfs_sd.o
 .debug_macro   0x00002533      0x11f ./Core/Src/fatfs_sd.o
 .debug_macro   0x00002652    0x16749 ./Core/Src/fatfs_sd.o
 .debug_macro   0x00018d9b       0x6d ./Core/Src/fatfs_sd.o
 .debug_macro   0x00018e08     0x369a ./Core/Src/fatfs_sd.o
 .debug_macro   0x0001c4a2      0x189 ./Core/Src/fatfs_sd.o
 .debug_macro   0x0001c62b       0x5c ./Core/Src/fatfs_sd.o
 .debug_macro   0x0001c687      0xca5 ./Core/Src/fatfs_sd.o
 .debug_macro   0x0001d32c      0x9e9 ./Core/Src/fatfs_sd.o
 .debug_macro   0x0001dd15      0x115 ./Core/Src/fatfs_sd.o
 .debug_macro   0x0001de2a      0x1a0 ./Core/Src/fatfs_sd.o
 .debug_macro   0x0001dfca       0xa5 ./Core/Src/fatfs_sd.o
 .debug_macro   0x0001e06f      0x16d ./Core/Src/fatfs_sd.o
 .debug_macro   0x0001e1dc      0x287 ./Core/Src/fatfs_sd.o
 .debug_macro   0x0001e463       0x5f ./Core/Src/fatfs_sd.o
 .debug_macro   0x0001e4c2      0x236 ./Core/Src/fatfs_sd.o
 .debug_macro   0x0001e6f8      0x132 ./Core/Src/fatfs_sd.o
 .debug_macro   0x0001e82a      0x29c ./Core/Src/fatfs_sd.o
 .debug_macro   0x0001eac6       0x2e ./Core/Src/fatfs_sd.o
 .debug_macro   0x0001eaf4      0x127 ./Core/Src/fatfs_sd.o
 .debug_macro   0x0001ec1b       0xe8 ./Core/Src/fatfs_sd.o
 .debug_macro   0x0001ed03       0x89 ./Core/Src/fatfs_sd.o
 .debug_macro   0x0001ed8c      0x225 ./Core/Src/fatfs_sd.o
 .debug_macro   0x0001efb1      0x2aa ./Core/Src/fatfs_sd.o
 .debug_macro   0x0001f25b      0x126 ./Core/Src/fatfs_sd.o
 .debug_macro   0x0001f381       0x16 ./Core/Src/fatfs_sd.o
 .debug_macro   0x0001f397       0x7c ./Core/Src/fatfs_sd.o
 .debug_macro   0x0001f413       0x9a ./Core/Src/fatfs_sd.o
 .debug_macro   0x0001f4ad      0x36b ./Core/Src/main.o
 .debug_macro   0x0001f818       0x10 ./Core/Src/main.o
 .debug_macro   0x0001f828       0xeb ./Core/Src/main.o
 .debug_macro   0x0001f913       0x2a ./Core/Src/main.o
 .debug_macro   0x0001f93d       0x61 ./Core/Src/main.o
 .debug_macro   0x0001f99e       0x43 ./Core/Src/main.o
 .debug_macro   0x0001f9e1       0x34 ./Core/Src/main.o
 .debug_macro   0x0001fa15       0x16 ./Core/Src/main.o
 .debug_macro   0x0001fa2b       0x35 ./Core/Src/main.o
 .debug_macro   0x0001fa60       0x16 ./Core/Src/main.o
 .debug_macro   0x0001fa76       0x43 ./Core/Src/main.o
 .debug_macro   0x0001fab9       0x34 ./Core/Src/main.o
 .debug_macro   0x0001faed       0x10 ./Core/Src/main.o
 .debug_macro   0x0001fafd       0x58 ./Core/Src/main.o
 .debug_macro   0x0001fb55       0x8e ./Core/Src/main.o
 .debug_macro   0x0001fbe3       0x1c ./Core/Src/main.o
 .debug_macro   0x0001fbff      0x177 ./Core/Src/main.o
 .debug_macro   0x0001fd76      0x369 ./Core/Src/main.o
 .debug_macro   0x000200df       0x16 ./Core/Src/main.o
 .debug_macro   0x000200f5       0x29 ./Core/Src/main.o
 .debug_macro   0x0002011e       0x12 ./Core/Src/main.o
 .debug_macro   0x00020130       0xe2 ./Core/Src/main.o
 .debug_macro   0x00020212       0x8e ./Core/Src/main.o
 .debug_macro   0x000202a0       0x16 ./Core/Src/main.o
 .debug_macro   0x000202b6       0x20 ./Core/Src/main.o
 .debug_macro   0x000202d6       0x1c ./Core/Src/main.o
 .debug_macro   0x000202f2       0x10 ./Core/Src/main.o
 .debug_macro   0x00020302       0x1c ./Core/Src/main.o
 .debug_macro   0x0002031e       0x16 ./Core/Src/main.o
 .debug_macro   0x00020334      0x146 ./Core/Src/main.o
 .debug_macro   0x0002047a      0x1d3 ./Core/Src/stm32f4xx_hal_msp.o
 .debug_macro   0x0002064d      0x1dd ./Core/Src/stm32f4xx_it.o
 .debug_macro   0x0002082a      0x1c4 ./Core/Src/system_stm32f4xx.o
 .debug_macro   0x000209ee      0x224 ./Drivers/STM32F4xx_HAL_Driver/Src/stm32f4xx_hal.o
 .debug_macro   0x00020c12      0x1c4 ./Drivers/STM32F4xx_HAL_Driver/Src/stm32f4xx_hal_cortex.o
 .debug_macro   0x00020dd6      0x1ca ./Drivers/STM32F4xx_HAL_Driver/Src/stm32f4xx_hal_dma.o
 .debug_macro   0x00020fa0      0x1ca ./Drivers/STM32F4xx_HAL_Driver/Src/stm32f4xx_hal_gpio.o
 .debug_macro   0x0002116a      0x1e8 ./Drivers/STM32F4xx_HAL_Driver/Src/stm32f4xx_hal_rcc.o
 .debug_macro   0x00021352      0x1c4 ./Drivers/STM32F4xx_HAL_Driver/Src/stm32f4xx_hal_rcc_ex.o
 .debug_macro   0x00021516      0x1d3 ./Drivers/STM32F4xx_HAL_Driver/Src/stm32f4xx_hal_spi.o
 .debug_macro   0x000216e9      0x1c5 ./Drivers/STM32F4xx_HAL_Driver/Src/stm32f4xx_hal_uart.o
 .debug_macro   0x000218ae      0x2f8 ./FATFS/App/fatfs.o
 .debug_macro   0x00021ba6       0xe5 ./FATFS/App/fatfs.o
 .debug_macro   0x00021c8b      0x315 ./FATFS/Target/user_diskio.o
 .debug_macro   0x00021fa0       0x10 ./FATFS/Target/user_diskio.o
 .debug_macro   0x00021fb0       0x56 ./FATFS/Target/user_diskio.o
 .debug_macro   0x00022006      0x2e5 ./Middlewares/Third_Party/FatFs/src/diskio.o
 .debug_macro   0x000222eb      0x6f3 ./Middlewares/Third_Party/FatFs/src/ff.o
 .debug_macro   0x000229de       0x58 ./Middlewares/Third_Party/FatFs/src/ff.o
 .debug_macro   0x00022a36      0x2e5 ./Middlewares/Third_Party/FatFs/src/ff_gen_drv.o
 .debug_macro   0x00022d1b      0x2d3 ./Middlewares/Third_Party/FatFs/src/option/ccsbcs.o

.debug_line     0x00000000    0x137af
 .debug_line    0x00000000      0xe1f ./Core/Src/fatfs_sd.o
 .debug_line    0x00000e1f      0xc5b ./Core/Src/main.o
 .debug_line    0x00001a7a      0x7aa ./Core/Src/stm32f4xx_hal_msp.o
 .debug_line    0x00002224      0x7fa ./Core/Src/stm32f4xx_it.o
 .debug_line    0x00002a1e      0x791 ./Core/Src/system_stm32f4xx.o
 .debug_line    0x000031af       0x7a ./Core/Startup/startup_stm32f446retx.o
 .debug_line    0x00003229      0x9fa ./Drivers/STM32F4xx_HAL_Driver/Src/stm32f4xx_hal.o
 .debug_line    0x00003c23      0xcec ./Drivers/STM32F4xx_HAL_Driver/Src/stm32f4xx_hal_cortex.o
 .debug_line    0x0000490f      0xf6a ./Drivers/STM32F4xx_HAL_Driver/Src/stm32f4xx_hal_dma.o
 .debug_line    0x00005879      0xb72 ./Drivers/STM32F4xx_HAL_Driver/Src/stm32f4xx_hal_gpio.o
 .debug_line    0x000063eb      0xd8f ./Drivers/STM32F4xx_HAL_Driver/Src/stm32f4xx_hal_rcc.o
 .debug_line    0x0000717a     0x13fe ./Drivers/STM32F4xx_HAL_Driver/Src/stm32f4xx_hal_rcc_ex.o
 .debug_line    0x00008578     0x1d18 ./Drivers/STM32F4xx_HAL_Driver/Src/stm32f4xx_hal_spi.o
 .debug_line    0x0000a290     0x28cc ./Drivers/STM32F4xx_HAL_Driver/Src/stm32f4xx_hal_uart.o
 .debug_line    0x0000cb5c      0x8f3 ./FATFS/App/fatfs.o
 .debug_line    0x0000d44f      0x945 ./FATFS/Target/user_diskio.o
 .debug_line    0x0000dd94      0x965 ./Middlewares/Third_Party/FatFs/src/diskio.o
 .debug_line    0x0000e6f9     0x3d74 ./Middlewares/Third_Party/FatFs/src/ff.o
 .debug_line    0x0001246d      0x980 ./Middlewares/Third_Party/FatFs/src/ff_gen_drv.o
 .debug_line    0x00012ded      0x9c2 ./Middlewares/Third_Party/FatFs/src/option/ccsbcs.o

.debug_str      0x00000000    0xcbdc8
 .debug_str     0x00000000    0xc4026 ./Core/Src/fatfs_sd.o
                              0xc434a (size before relaxing)
 .debug_str     0x000c4026     0x458a ./Core/Src/main.o
                              0xc876a (size before relaxing)
 .debug_str     0x000c85b0      0x5cf ./Core/Src/stm32f4xx_hal_msp.o
                              0xc472a (size before relaxing)
 .debug_str     0x000c8b7f      0x106 ./Core/Src/stm32f4xx_it.o
                              0xc3f1b (size before relaxing)
 .debug_str     0x000c8c85       0xdb ./Core/Src/system_stm32f4xx.o
                              0xc3b6a (size before relaxing)
 .debug_str     0x000c8d60       0x44 ./Core/Startup/startup_stm32f446retx.o
                                 0x6c (size before relaxing)
 .debug_str     0x000c8da4      0x603 ./Drivers/STM32F4xx_HAL_Driver/Src/stm32f4xx_hal.o
                              0xc472f (size before relaxing)
 .debug_str     0x000c93a7      0x354 ./Drivers/STM32F4xx_HAL_Driver/Src/stm32f4xx_hal_cortex.o
                              0xc4486 (size before relaxing)
 .debug_str     0x000c96fb      0x31a ./Drivers/STM32F4xx_HAL_Driver/Src/stm32f4xx_hal_dma.o
                              0xc3f5f (size before relaxing)
 .debug_str     0x000c9a15      0x121 ./Drivers/STM32F4xx_HAL_Driver/Src/stm32f4xx_hal_gpio.o
                              0xc3ce5 (size before relaxing)
 .debug_str     0x000c9b36      0x233 ./Drivers/STM32F4xx_HAL_Driver/Src/stm32f4xx_hal_rcc.o
                              0xc3fa3 (size before relaxing)
 .debug_str     0x000c9d69      0x324 ./Drivers/STM32F4xx_HAL_Driver/Src/stm32f4xx_hal_rcc_ex.o
                              0xc3fd6 (size before relaxing)
 .debug_str     0x000ca08d      0x539 ./Drivers/STM32F4xx_HAL_Driver/Src/stm32f4xx_hal_spi.o
                              0xc4403 (size before relaxing)
 .debug_str     0x000ca5c6      0x5bc ./Drivers/STM32F4xx_HAL_Driver/Src/stm32f4xx_hal_uart.o
                              0xc455a (size before relaxing)
 .debug_str     0x000cab82       0x74 ./FATFS/App/fatfs.o
                              0xc736a (size before relaxing)
 .debug_str     0x000cabf6       0x5a ./FATFS/Target/user_diskio.o
                              0xc7320 (size before relaxing)
 .debug_str     0x000cac50       0x52 ./Middlewares/Third_Party/FatFs/src/diskio.o
                              0xc7266 (size before relaxing)
 .debug_str     0x000caca2     0x104c ./Middlewares/Third_Party/FatFs/src/ff.o
                              0xc856d (size before relaxing)
 .debug_str     0x000cbcee       0x91 ./Middlewares/Third_Party/FatFs/src/ff_gen_drv.o
                              0xc72b7 (size before relaxing)
 .debug_str     0x000cbd7f       0x49 ./Middlewares/Third_Party/FatFs/src/option/ccsbcs.o
                              0xc703b (size before relaxing)

.comment        0x00000000       0x43
 .comment       0x00000000       0x43 ./Core/Src/fatfs_sd.o
                                 0x44 (size before relaxing)
 .comment       0x00000043       0x44 ./Core/Src/main.o
 .comment       0x00000043       0x44 ./Core/Src/stm32f4xx_hal_msp.o
 .comment       0x00000043       0x44 ./Core/Src/stm32f4xx_it.o
 .comment       0x00000043       0x44 ./Core/Src/system_stm32f4xx.o
 .comment       0x00000043       0x44 ./Drivers/STM32F4xx_HAL_Driver/Src/stm32f4xx_hal.o
 .comment       0x00000043       0x44 ./Drivers/STM32F4xx_HAL_Driver/Src/stm32f4xx_hal_cortex.o
 .comment       0x00000043       0x44 ./Drivers/STM32F4xx_HAL_Driver/Src/stm32f4xx_hal_dma.o
 .comment       0x00000043       0x44 ./Drivers/STM32F4xx_HAL_Driver/Src/stm32f4xx_hal_gpio.o
 .comment       0x00000043       0x44 ./Drivers/STM32F4xx_HAL_Driver/Src/stm32f4xx_hal_rcc.o
 .comment       0x00000043       0x44 ./Drivers/STM32F4xx_HAL_Driver/Src/stm32f4xx_hal_rcc_ex.o
 .comment       0x00000043       0x44 ./Drivers/STM32F4xx_HAL_Driver/Src/stm32f4xx_hal_spi.o
 .comment       0x00000043       0x44 ./Drivers/STM32F4xx_HAL_Driver/Src/stm32f4xx_hal_uart.o
 .comment       0x00000043       0x44 ./FATFS/App/fatfs.o
 .comment       0x00000043       0x44 ./FATFS/Target/user_diskio.o
 .comment       0x00000043       0x44 ./Middlewares/Third_Party/FatFs/src/diskio.o
 .comment       0x00000043       0x44 ./Middlewares/Third_Party/FatFs/src/ff.o
 .comment       0x00000043       0x44 ./Middlewares/Third_Party/FatFs/src/ff_gen_drv.o
 .comment       0x00000043       0x44 ./Middlewares/Third_Party/FatFs/src/option/ccsbcs.o

.debug_frame    0x00000000     0x37ac
 .debug_frame   0x00000000      0x28c ./Core/Src/fatfs_sd.o
 .debug_frame   0x0000028c      0x15c ./Core/Src/main.o
 .debug_frame   0x000003e8       0xc8 ./Core/Src/stm32f4xx_hal_msp.o
 .debug_frame   0x000004b0      0x120 ./Core/Src/stm32f4xx_it.o
 .debug_frame   0x000005d0       0x58 ./Core/Src/system_stm32f4xx.o
 .debug_frame   0x00000628      0x374 ./Drivers/STM32F4xx_HAL_Driver/Src/stm32f4xx_hal.o
 .debug_frame   0x0000099c      0x508 ./Drivers/STM32F4xx_HAL_Driver/Src/stm32f4xx_hal_cortex.o
 .debug_frame   0x00000ea4      0x250 ./Drivers/STM32F4xx_HAL_Driver/Src/stm32f4xx_hal_dma.o
 .debug_frame   0x000010f4      0x14c ./Drivers/STM32F4xx_HAL_Driver/Src/stm32f4xx_hal_gpio.o
 .debug_frame   0x00001240      0x1f4 ./Drivers/STM32F4xx_HAL_Driver/Src/stm32f4xx_hal_rcc.o
 .debug_frame   0x00001434      0x1e8 ./Drivers/STM32F4xx_HAL_Driver/Src/stm32f4xx_hal_rcc_ex.o
 .debug_frame   0x0000161c      0x828 ./Drivers/STM32F4xx_HAL_Driver/Src/stm32f4xx_hal_spi.o
 .debug_frame   0x00001e44      0x954 ./Drivers/STM32F4xx_HAL_Driver/Src/stm32f4xx_hal_uart.o
 .debug_frame   0x00002798       0x4c ./FATFS/App/fatfs.o
 .debug_frame   0x000027e4       0xc4 ./FATFS/Target/user_diskio.o
 .debug_frame   0x000028a8       0xec ./Middlewares/Third_Party/FatFs/src/diskio.o
 .debug_frame   0x00002994      0xa0c ./Middlewares/Third_Party/FatFs/src/ff.o
 .debug_frame   0x000033a0       0xc8 ./Middlewares/Third_Party/FatFs/src/ff_gen_drv.o
 .debug_frame   0x00003468       0x60 ./Middlewares/Third_Party/FatFs/src/option/ccsbcs.o
 .debug_frame   0x000034c8       0x30 D:/Programas/ST/STM32CubeIDE/plugins/com.st.stm32cube.ide.mcu.externaltools.gnu-tools-for-stm32.12.3.rel1.win32_1.0.200.202406191623/tools/bin/../lib/gcc/arm-none-eabi/12.3.1/../../../../arm-none-eabi/lib/thumb/v7e-m+fp/hard\libc_nano.a(libc_a-atoi.o)
 .debug_frame   0x000034f8       0x64 D:/Programas/ST/STM32CubeIDE/plugins/com.st.stm32cube.ide.mcu.externaltools.gnu-tools-for-stm32.12.3.rel1.win32_1.0.200.202406191623/tools/bin/../lib/gcc/arm-none-eabi/12.3.1/../../../../arm-none-eabi/lib/thumb/v7e-m+fp/hard\libc_nano.a(libc_a-strtol.o)
 .debug_frame   0x0000355c      0x144 D:/Programas/ST/STM32CubeIDE/plugins/com.st.stm32cube.ide.mcu.externaltools.gnu-tools-for-stm32.12.3.rel1.win32_1.0.200.202406191623/tools/bin/../lib/gcc/arm-none-eabi/12.3.1/../../../../arm-none-eabi/lib/thumb/v7e-m+fp/hard\libc_nano.a(libc_a-findfp.o)
 .debug_frame   0x000036a0       0x20 D:/Programas/ST/STM32CubeIDE/plugins/com.st.stm32cube.ide.mcu.externaltools.gnu-tools-for-stm32.12.3.rel1.win32_1.0.200.202406191623/tools/bin/../lib/gcc/arm-none-eabi/12.3.1/../../../../arm-none-eabi/lib/thumb/v7e-m+fp/hard\libc_nano.a(libc_a-memset.o)
 .debug_frame   0x000036c0       0x20 D:/Programas/ST/STM32CubeIDE/plugins/com.st.stm32cube.ide.mcu.externaltools.gnu-tools-for-stm32.12.3.rel1.win32_1.0.200.202406191623/tools/bin/../lib/gcc/arm-none-eabi/12.3.1/../../../../arm-none-eabi/lib/thumb/v7e-m+fp/hard\libc_nano.a(libc_a-errno.o)
 .debug_frame   0x000036e0       0x2c D:/Programas/ST/STM32CubeIDE/plugins/com.st.stm32cube.ide.mcu.externaltools.gnu-tools-for-stm32.12.3.rel1.win32_1.0.200.202406191623/tools/bin/../lib/gcc/arm-none-eabi/12.3.1/../../../../arm-none-eabi/lib/thumb/v7e-m+fp/hard\libc_nano.a(libc_a-init.o)
 .debug_frame   0x0000370c       0x20 D:/Programas/ST/STM32CubeIDE/plugins/com.st.stm32cube.ide.mcu.externaltools.gnu-tools-for-stm32.12.3.rel1.win32_1.0.200.202406191623/tools/bin/../lib/gcc/arm-none-eabi/12.3.1/../../../../arm-none-eabi/lib/thumb/v7e-m+fp/hard\libc_nano.a(libc_a-strcmp.o)
 .debug_frame   0x0000372c       0x20 D:/Programas/ST/STM32CubeIDE/plugins/com.st.stm32cube.ide.mcu.externaltools.gnu-tools-for-stm32.12.3.rel1.win32_1.0.200.202406191623/tools/bin/../lib/gcc/arm-none-eabi/12.3.1/../../../../arm-none-eabi/lib/thumb/v7e-m+fp/hard\libc_nano.a(libc_a-strcpy.o)
 .debug_frame   0x0000374c       0x2c D:/Programas/ST/STM32CubeIDE/plugins/com.st.stm32cube.ide.mcu.externaltools.gnu-tools-for-stm32.12.3.rel1.win32_1.0.200.202406191623/tools/bin/../lib/gcc/arm-none-eabi/12.3.1/thumb/v7e-m+fp/hard\libgcc.a(_aeabi_uldivmod.o)
 .debug_frame   0x00003778       0x34 D:/Programas/ST/STM32CubeIDE/plugins/com.st.stm32cube.ide.mcu.externaltools.gnu-tools-for-stm32.12.3.rel1.win32_1.0.200.202406191623/tools/bin/../lib/gcc/arm-none-eabi/12.3.1/thumb/v7e-m+fp/hard\libgcc.a(_udivmoddi4.o)

.debug_line_str
                0x00000000       0x50
 .debug_line_str
                0x00000000       0x50 ./Core/Startup/startup_stm32f446retx.o
